Component: ARM Compiler 5.06 update 6 (build 750) Tool: armlink [4d35ed]

==============================================================================

Section Cross References

    startup_stm32l476xx.o(RESET) refers to startup_stm32l476xx.o(STACK) for __initial_sp
    startup_stm32l476xx.o(RESET) refers to startup_stm32l476xx.o(.text) for Reset_Handler
    startup_stm32l476xx.o(RESET) refers to stm32l4xx_it.o(i.NMI_Handler) for NMI_Handler
    startup_stm32l476xx.o(RESET) refers to stm32l4xx_it.o(i.HardFault_Handler) for HardFault_Handler
    startup_stm32l476xx.o(RESET) refers to stm32l4xx_it.o(i.MemManage_Handler) for MemManage_Handler
    startup_stm32l476xx.o(RESET) refers to stm32l4xx_it.o(i.BusFault_Handler) for BusFault_Handler
    startup_stm32l476xx.o(RESET) refers to stm32l4xx_it.o(i.UsageFault_Handler) for UsageFault_Handler
    startup_stm32l476xx.o(RESET) refers to port.o(.emb_text) for SVC_Handler
    startup_stm32l476xx.o(RESET) refers to stm32l4xx_it.o(i.DebugMon_Handler) for DebugMon_Handler
    startup_stm32l476xx.o(RESET) refers to stm32l4xx_it.o(i.SysTick_Handler) for SysTick_Handler
    startup_stm32l476xx.o(.text) refers to system_stm32l4xx.o(i.SystemInit) for SystemInit
    startup_stm32l476xx.o(.text) refers to entry.o(.ARM.Collect$$$$00000000) for __main
    main.o(i.LED_OFF) refers to stm32l4xx_hal_gpio.o(i.HAL_GPIO_WritePin) for HAL_GPIO_WritePin
    main.o(i.LED_ON) refers to stm32l4xx_hal_gpio.o(i.HAL_GPIO_WritePin) for HAL_GPIO_WritePin
    main.o(i.LED_Thread1) refers to cmsis_os.o(i.osKernelSysTick) for osKernelSysTick
    main.o(i.LED_Thread1) refers to main.o(i.LED_ON) for LED_ON
    main.o(i.LED_Thread1) refers to cmsis_os.o(i.osDelay) for osDelay
    main.o(i.LED_Thread1) refers to main.o(i.LED_OFF) for LED_OFF
    main.o(i.LED_Thread1) refers to cmsis_os.o(i.osThreadSuspend) for osThreadSuspend
    main.o(i.LED_Thread1) refers to cmsis_os.o(i.osThreadResume) for osThreadResume
    main.o(i.LED_Thread1) refers to main.o(.data) for .data
    main.o(i.LED_Thread2) refers to cmsis_os.o(i.osKernelSysTick) for osKernelSysTick
    main.o(i.LED_Thread2) refers to main.o(i.LED_ON) for LED_ON
    main.o(i.LED_Thread2) refers to cmsis_os.o(i.osDelay) for osDelay
    main.o(i.LED_Thread2) refers to main.o(i.LED_OFF) for LED_OFF
    main.o(i.LED_Thread2) refers to cmsis_os.o(i.osThreadResume) for osThreadResume
    main.o(i.LED_Thread2) refers to cmsis_os.o(i.osThreadSuspend) for osThreadSuspend
    main.o(i.LED_Thread2) refers to main.o(.data) for .data
    main.o(i.SystemClock_Config) refers to memseta.o(.text) for __aeabi_memclr4
    main.o(i.SystemClock_Config) refers to stm32l4xx_hal_rcc.o(i.HAL_RCC_OscConfig) for HAL_RCC_OscConfig
    main.o(i.SystemClock_Config) refers to stm32l4xx_hal_rcc.o(i.HAL_RCC_ClockConfig) for HAL_RCC_ClockConfig
    main.o(i.SystemClock_Config) refers to stm32l4xx_hal_rcc_ex.o(i.HAL_RCCEx_PeriphCLKConfig) for HAL_RCCEx_PeriphCLKConfig
    main.o(i.SystemClock_Config) refers to stm32l4xx_hal_pwr_ex.o(i.HAL_PWREx_ControlVoltageScaling) for HAL_PWREx_ControlVoltageScaling
    main.o(i.main) refers to stm32l4xx_hal.o(i.HAL_Init) for HAL_Init
    main.o(i.main) refers to main.o(i.SystemClock_Config) for SystemClock_Config
    main.o(i.main) refers to gpio.o(i.MX_GPIO_Init) for MX_GPIO_Init
    main.o(i.main) refers to usart.o(i.MX_USART2_UART_Init) for MX_USART2_UART_Init
    main.o(i.main) refers to memcpya.o(.text) for __aeabi_memcpy4
    main.o(i.main) refers to cmsis_os.o(i.osThreadCreate) for osThreadCreate
    main.o(i.main) refers to freertos.o(i.MX_FREERTOS_Init) for MX_FREERTOS_Init
    main.o(i.main) refers to cmsis_os.o(i.osKernelStart) for osKernelStart
    main.o(i.main) refers to main.o(.constdata) for .constdata
    main.o(i.main) refers to main.o(.data) for .data
    main.o(.constdata) refers to main.o(.conststring) for .conststring
    main.o(.constdata) refers to main.o(i.LED_Thread1) for LED_Thread1
    main.o(.constdata) refers to main.o(i.LED_Thread2) for LED_Thread2
    gpio.o(i.MX_GPIO_Init) refers to memseta.o(.text) for __aeabi_memclr4
    gpio.o(i.MX_GPIO_Init) refers to stm32l4xx_hal_gpio.o(i.HAL_GPIO_WritePin) for HAL_GPIO_WritePin
    gpio.o(i.MX_GPIO_Init) refers to stm32l4xx_hal_gpio.o(i.HAL_GPIO_Init) for HAL_GPIO_Init
    freertos.o(i.MX_FREERTOS_Init) refers to memcpya.o(.text) for __aeabi_memcpy4
    freertos.o(i.MX_FREERTOS_Init) refers to cmsis_os.o(i.osThreadCreate) for osThreadCreate
    freertos.o(i.MX_FREERTOS_Init) refers to freertos.o(.constdata) for .constdata
    freertos.o(i.MX_FREERTOS_Init) refers to freertos.o(.data) for .data
    freertos.o(i.StartDefaultTask) refers to cmsis_os.o(i.osDelay) for osDelay
    freertos.o(.constdata) refers to freertos.o(.conststring) for .conststring
    freertos.o(.constdata) refers to freertos.o(i.StartDefaultTask) for StartDefaultTask
    usart.o(i.HAL_UART_MspDeInit) refers to stm32l4xx_hal_gpio.o(i.HAL_GPIO_DeInit) for HAL_GPIO_DeInit
[...]
    Removing stm32l4xx_hal_i2c.o(i.I2C_ITAddrCplt), (136 bytes).
    Removing stm32l4xx_hal_i2c.o(i.I2C_ITError), (224 bytes).
    Removing stm32l4xx_hal_i2c.o(i.I2C_ITListenCplt), (96 bytes).
    Removing stm32l4xx_hal_i2c.o(i.I2C_ITMasterCplt), (180 bytes).
    Removing stm32l4xx_hal_i2c.o(i.I2C_ITMasterSequentialCplt), (76 bytes).
    Removing stm32l4xx_hal_i2c.o(i.I2C_ITSlaveCplt), (236 bytes).
    Removing stm32l4xx_hal_i2c.o(i.I2C_ITSlaveSequentialCplt), (84 bytes).
    Removing stm32l4xx_hal_i2c.o(i.I2C_IsAcknowledgeFailed), (132 bytes).
    Removing stm32l4xx_hal_i2c.o(i.I2C_Master_ISR_DMA), (272 bytes).
    Removing stm32l4xx_hal_i2c.o(i.I2C_Master_ISR_IT), (296 bytes).
    Removing stm32l4xx_hal_i2c.o(i.I2C_RequestMemoryRead), (100 bytes).
    Removing stm32l4xx_hal_i2c.o(i.I2C_RequestMemoryWrite), (100 bytes).
    Removing stm32l4xx_hal_i2c.o(i.I2C_Slave_ISR_DMA), (212 bytes).
    Removing stm32l4xx_hal_i2c.o(i.I2C_Slave_ISR_IT), (288 bytes).
    Removing stm32l4xx_hal_i2c.o(i.I2C_TransferConfig), (44 bytes).
    Removing stm32l4xx_hal_i2c.o(i.I2C_WaitOnFlagUntilTimeout), (88 bytes).
    Removing stm32l4xx_hal_i2c.o(i.I2C_WaitOnRXNEFlagUntilTimeout), (132 bytes).
    Removing stm32l4xx_hal_i2c.o(i.I2C_WaitOnSTOPFlagUntilTimeout), (76 bytes).
    Removing stm32l4xx_hal_i2c.o(i.I2C_WaitOnTXISFlagUntilTimeout), (80 bytes).
    Removing stm32l4xx_hal_i2c_ex.o(.rev16_text), (4 bytes).
    Removing stm32l4xx_hal_i2c_ex.o(.revsh_text), (4 bytes).
    Removing stm32l4xx_hal_i2c_ex.o(.rrx_text), (6 bytes).
    Removing stm32l4xx_hal_i2c_ex.o(i.HAL_I2CEx_ConfigAnalogFilter), (86 bytes).
    Removing stm32l4xx_hal_i2c_ex.o(i.HAL_I2CEx_ConfigDigitalFilter), (82 bytes).
    Removing stm32l4xx_hal_i2c_ex.o(i.HAL_I2CEx_DisableFastModePlus), (40 bytes).
    Removing stm32l4xx_hal_i2c_ex.o(i.HAL_I2CEx_DisableWakeUp), (78 bytes).
    Removing stm32l4xx_hal_i2c_ex.o(i.HAL_I2CEx_EnableFastModePlus), (40 bytes).
    Removing stm32l4xx_hal_i2c_ex.o(i.HAL_I2CEx_EnableWakeUp), (78 bytes).
    Removing stm32l4xx_hal_rcc.o(.rev16_text), (4 bytes).
    Removing stm32l4xx_hal_rcc.o(.revsh_text), (4 bytes).
    Removing stm32l4xx_hal_rcc.o(.rrx_text), (6 bytes).
    Removing stm32l4xx_hal_rcc.o(i.HAL_RCC_CSSCallback), (2 bytes).
    Removing stm32l4xx_hal_rcc.o(i.HAL_RCC_DeInit), (224 bytes).
    Removing stm32l4xx_hal_rcc.o(i.HAL_RCC_EnableCSS), (16 bytes).
    Removing stm32l4xx_hal_rcc.o(i.HAL_RCC_GetClockConfig), (64 bytes).
    Removing stm32l4xx_hal_rcc.o(i.HAL_RCC_GetHCLKFreq), (12 bytes).
    Removing stm32l4xx_hal_rcc.o(i.HAL_RCC_GetOscConfig), (224 bytes).
    Removing stm32l4xx_hal_rcc.o(i.HAL_RCC_MCOConfig), (72 bytes).
    Removing stm32l4xx_hal_rcc.o(i.HAL_RCC_NMI_IRQHandler), (24 bytes).
    Removing stm32l4xx_hal_rcc_ex.o(.rev16_text), (4 bytes).
    Removing stm32l4xx_hal_rcc_ex.o(.revsh_text), (4 bytes).
    Removing stm32l4xx_hal_rcc_ex.o(.rrx_text), (6 bytes).
    Removing stm32l4xx_hal_rcc_ex.o(i.HAL_RCCEx_DisableLSCO), (88 bytes).
    Removing stm32l4xx_hal_rcc_ex.o(i.HAL_RCCEx_DisableLSECSS), (28 bytes).
    Removing stm32l4xx_hal_rcc_ex.o(i.HAL_RCCEx_DisableMSIPLLMode), (16 bytes).
    Removing stm32l4xx_hal_rcc_ex.o(i.HAL_RCCEx_DisablePLLSAI1), (80 bytes).
    Removing stm32l4xx_hal_rcc_ex.o(i.HAL_RCCEx_DisablePLLSAI2), (80 bytes).
    Removing stm32l4xx_hal_rcc_ex.o(i.HAL_RCCEx_EnableLSCO), (140 bytes).
    Removing stm32l4xx_hal_rcc_ex.o(i.HAL_RCCEx_EnableLSECSS), (20 bytes).
    Removing stm32l4xx_hal_rcc_ex.o(i.HAL_RCCEx_EnableLSECSS_IT), (56 bytes).
    Removing stm32l4xx_hal_rcc_ex.o(i.HAL_RCCEx_EnableMSIPLLMode), (16 bytes).
    Removing stm32l4xx_hal_rcc_ex.o(i.HAL_RCCEx_EnablePLLSAI1), (144 bytes).
    Removing stm32l4xx_hal_rcc_ex.o(i.HAL_RCCEx_EnablePLLSAI2), (128 bytes).
    Removing stm32l4xx_hal_rcc_ex.o(i.HAL_RCCEx_GetPeriphCLKConfig), (288 bytes).
    Removing stm32l4xx_hal_rcc_ex.o(i.HAL_RCCEx_GetPeriphCLKFreq), (978 bytes).
    Removing stm32l4xx_hal_rcc_ex.o(i.HAL_RCCEx_LSECSS_Callback), (2 bytes).
    Removing stm32l4xx_hal_rcc_ex.o(i.HAL_RCCEx_LSECSS_IRQHandler), (24 bytes).
    Removing stm32l4xx_hal_rcc_ex.o(i.HAL_RCCEx_StandbyMSIRangeConfig), (24 bytes).
    Removing stm32l4xx_hal_rcc_ex.o(i.HAL_RCCEx_WakeUpStopCLKConfig), (20 bytes).
    Removing stm32l4xx_hal_rcc_ex.o(i.RCCEx_GetSAIxPeriphCLKFreq), (208 bytes).
    Removing stm32l4xx_hal_flash.o(.rev16_text), (4 bytes).
    Removing stm32l4xx_hal_flash.o(.revsh_text), (4 bytes).
    Removing stm32l4xx_hal_flash.o(.rrx_text), (6 bytes).
    Removing stm32l4xx_hal_flash.o(i.FLASH_Program_DoubleWord), (24 bytes).
    Removing stm32l4xx_hal_flash.o(i.FLASH_Program_Fast), (36 bytes).
    Removing stm32l4xx_hal_flash.o(i.FLASH_WaitForLastOperation), (116 bytes).
    Removing stm32l4xx_hal_flash.o(i.HAL_FLASH_EndOfOperationCallback), (2 bytes).
    Removing stm32l4xx_hal_flash.o(i.HAL_FLASH_GetError), (12 bytes).
    Removing stm32l4xx_hal_flash.o(i.HAL_FLASH_IRQHandler), (260 bytes).
    Removing stm32l4xx_hal_flash.o(i.HAL_FLASH_Lock), (20 bytes).
    Removing stm32l4xx_hal_flash.o(i.HAL_FLASH_OB_Launch), (24 bytes).
    Removing stm32l4xx_hal_flash.o(i.HAL_FLASH_OB_Lock), (20 bytes).
    Removing stm32l4xx_hal_flash.o(i.HAL_FLASH_OB_Unlock), (36 bytes).
    Removing stm32l4xx_hal_flash.o(i.HAL_FLASH_OperationErrorCallback), (2 bytes).
    Removing stm32l4xx_hal_flash.o(i.HAL_FLASH_Program), (170 bytes).
    Removing stm32l4xx_hal_flash.o(i.HAL_FLASH_Program_IT), (120 bytes).
    Removing stm32l4xx_hal_flash.o(i.HAL_FLASH_Unlock), (40 bytes).
    Removing stm32l4xx_hal_flash.o(.data), (32 bytes).
    Removing stm32l4xx_hal_flash_ex.o(.rev16_text), (4 bytes).
    Removing stm32l4xx_hal_flash_ex.o(.revsh_text), (4 bytes).
    Removing stm32l4xx_hal_flash_ex.o(.rrx_text), (6 bytes).
    Removing stm32l4xx_hal_flash_ex.o(i.FLASH_FlushCaches), (84 bytes).
    Removing stm32l4xx_hal_flash_ex.o(i.FLASH_MassErase), (40 bytes).
    Removing stm32l4xx_hal_flash_ex.o(i.FLASH_OB_GetPCROP), (140 bytes).
    Removing stm32l4xx_hal_flash_ex.o(i.FLASH_OB_PCROPConfig), (200 bytes).
    Removing stm32l4xx_hal_flash_ex.o(i.FLASH_OB_UserConfig), (248 bytes).
    Removing stm32l4xx_hal_flash_ex.o(i.FLASH_OB_WRPConfig), (124 bytes).
    Removing stm32l4xx_hal_flash_ex.o(i.FLASH_PageErase), (52 bytes).
    Removing stm32l4xx_hal_flash_ex.o(i.HAL_FLASHEx_Erase), (234 bytes).
    Removing stm32l4xx_hal_flash_ex.o(i.HAL_FLASHEx_Erase_IT), (148 bytes).
    Removing stm32l4xx_hal_flash_ex.o(i.HAL_FLASHEx_OBGetConfig), (152 bytes).
    Removing stm32l4xx_hal_flash_ex.o(i.HAL_FLASHEx_OBProgram), (172 bytes).
    Removing stm32l4xx_hal_flash_ramfunc.o(.rev16_text), (4 bytes).
    Removing stm32l4xx_hal_flash_ramfunc.o(.revsh_text), (4 bytes).
    Removing stm32l4xx_hal_flash_ramfunc.o(.rrx_text), (6 bytes).
    Removing stm32l4xx_hal_flash_ramfunc.o(i.HAL_FLASHEx_DisableRunPowerDown), (36 bytes).
    Removing stm32l4xx_hal_flash_ramfunc.o(i.HAL_FLASHEx_EnableRunPowerDown), (36 bytes).
    Removing stm32l4xx_hal_gpio.o(.rev16_text), (4 bytes).
    Removing stm32l4xx_hal_gpio.o(.revsh_text), (4 bytes).
    Removing stm32l4xx_hal_gpio.o(.rrx_text), (6 bytes).
    Removing stm32l4xx_hal_gpio.o(i.HAL_GPIO_DeInit), (338 bytes).
    Removing stm32l4xx_hal_gpio.o(i.HAL_GPIO_EXTI_Callback), (2 bytes).
    Removing stm32l4xx_hal_gpio.o(i.HAL_GPIO_EXTI_IRQHandler), (24 bytes).
    Removing stm32l4xx_hal_gpio.o(i.HAL_GPIO_LockPin), (34 bytes).
    Removing stm32l4xx_hal_gpio.o(i.HAL_GPIO_ReadPin), (10 bytes).
    Removing stm32l4xx_hal_gpio.o(i.HAL_GPIO_TogglePin), (8 bytes).
    Removing stm32l4xx_hal_dma.o(.rev16_text), (4 bytes).
    Removing stm32l4xx_hal_dma.o(.revsh_text), (4 bytes).
    Removing stm32l4xx_hal_dma.o(.rrx_text), (6 bytes).
    Removing stm32l4xx_hal_dma.o(i.DMA_SetConfig), (46 bytes).
    Removing stm32l4xx_hal_dma.o(i.HAL_DMA_Abort), (58 bytes).
    Removing stm32l4xx_hal_dma.o(i.HAL_DMA_Abort_IT), (78 bytes).
    Removing stm32l4xx_hal_dma.o(i.HAL_DMA_DeInit), (156 bytes).
    Removing stm32l4xx_hal_dma.o(i.HAL_DMA_GetError), (4 bytes).
    Removing stm32l4xx_hal_dma.o(i.HAL_DMA_GetState), (6 bytes).
    Removing stm32l4xx_hal_dma.o(i.HAL_DMA_IRQHandler), (186 bytes).
    Removing stm32l4xx_hal_dma.o(i.HAL_DMA_Init), (192 bytes).
    Removing stm32l4xx_hal_dma.o(i.HAL_DMA_PollForTransfer), (222 bytes).
    Removing stm32l4xx_hal_dma.o(i.HAL_DMA_RegisterCallback), (74 bytes).
    Removing stm32l4xx_hal_dma.o(i.HAL_DMA_Start), (80 bytes).
    Removing stm32l4xx_hal_dma.o(i.HAL_DMA_Start_IT), (112 bytes).
    Removing stm32l4xx_hal_dma.o(i.HAL_DMA_UnRegisterCallback), (82 bytes).
    Removing stm32l4xx_hal_dma_ex.o(.rev16_text), (4 bytes).
    Removing stm32l4xx_hal_dma_ex.o(.revsh_text), (4 bytes).
    Removing stm32l4xx_hal_dma_ex.o(.rrx_text), (6 bytes).
    Removing stm32l4xx_hal_pwr.o(.rev16_text), (4 bytes).
    Removing stm32l4xx_hal_pwr.o(.revsh_text), (4 bytes).
    Removing stm32l4xx_hal_pwr.o(.rrx_text), (6 bytes).
    Removing stm32l4xx_hal_pwr.o(i.HAL_PWR_ConfigPVD), (128 bytes).
    Removing stm32l4xx_hal_pwr.o(i.HAL_PWR_DeInit), (24 bytes).
    Removing stm32l4xx_hal_pwr.o(i.HAL_PWR_DisableBkUpAccess), (16 bytes).
    Removing stm32l4xx_hal_pwr.o(i.HAL_PWR_DisablePVD), (16 bytes).
    Removing stm32l4xx_hal_pwr.o(i.HAL_PWR_DisableSEVOnPend), (16 bytes).
    Removing stm32l4xx_hal_pwr.o(i.HAL_PWR_DisableSleepOnExit), (16 bytes).
    Removing stm32l4xx_hal_pwr.o(i.HAL_PWR_DisableWakeUpPin), (20 bytes).
    Removing stm32l4xx_hal_pwr.o(i.HAL_PWR_EnableBkUpAccess), (16 bytes).
    Removing stm32l4xx_hal_pwr.o(i.HAL_PWR_EnablePVD), (16 bytes).
    Removing stm32l4xx_hal_pwr.o(i.HAL_PWR_EnableSEVOnPend), (16 bytes).
    Removing stm32l4xx_hal_pwr.o(i.HAL_PWR_EnableSleepOnExit), (16 bytes).
    Removing stm32l4xx_hal_pwr.o(i.HAL_PWR_EnableWakeUpPin), (28 bytes).
    Removing stm32l4xx_hal_pwr.o(i.HAL_PWR_EnterSLEEPMode), (72 bytes).
    Removing stm32l4xx_hal_pwr.o(i.HAL_PWR_EnterSTANDBYMode), (36 bytes).
    Removing stm32l4xx_hal_pwr.o(i.HAL_PWR_EnterSTOPMode), (16 bytes).
    Removing stm32l4xx_hal_pwr.o(i.HAL_PWR_PVDCallback), (2 bytes).
    Removing stm32l4xx_hal_pwr_ex.o(.rev16_text), (4 bytes).
    Removing stm32l4xx_hal_pwr_ex.o(.revsh_text), (4 bytes).
    Removing stm32l4xx_hal_pwr_ex.o(.rrx_text), (6 bytes).
    Removing stm32l4xx_hal_pwr_ex.o(i.HAL_PWREx_ConfigPVM), (400 bytes).
    Removing stm32l4xx_hal_pwr_ex.o(i.HAL_PWREx_DisableBatteryCharging), (16 bytes).
    Removing stm32l4xx_hal_pwr_ex.o(i.HAL_PWREx_DisableGPIOPullDown), (108 bytes).
    Removing stm32l4xx_hal_pwr_ex.o(i.HAL_PWREx_DisableGPIOPullUp), (104 bytes).
    Removing stm32l4xx_hal_pwr_ex.o(i.HAL_PWREx_DisableInternalWakeUpLine), (16 bytes).
    Removing stm32l4xx_hal_pwr_ex.o(i.HAL_PWREx_DisableLowPowerRunMode), (68 bytes).
    Removing stm32l4xx_hal_pwr_ex.o(i.HAL_PWREx_DisablePVM1), (16 bytes).
    Removing stm32l4xx_hal_pwr_ex.o(i.HAL_PWREx_DisablePVM2), (16 bytes).
    Removing stm32l4xx_hal_pwr_ex.o(i.HAL_PWREx_DisablePVM3), (16 bytes).
    Removing stm32l4xx_hal_pwr_ex.o(i.HAL_PWREx_DisablePVM4), (16 bytes).
    Removing stm32l4xx_hal_pwr_ex.o(i.HAL_PWREx_DisablePullUpPullDownConfig), (16 bytes).
    Removing stm32l4xx_hal_pwr_ex.o(i.HAL_PWREx_DisableSRAM2ContentRetention), (16 bytes).
    Removing stm32l4xx_hal_pwr_ex.o(i.HAL_PWREx_DisableVddIO2), (16 bytes).
    Removing stm32l4xx_hal_pwr_ex.o(i.HAL_PWREx_DisableVddUSB), (16 bytes).
    Removing stm32l4xx_hal_pwr_ex.o(i.HAL_PWREx_EnableBatteryCharging), (28 bytes).
    Removing stm32l4xx_hal_pwr_ex.o(i.HAL_PWREx_EnableGPIOPullDown), (160 bytes).
    Removing stm32l4xx_hal_pwr_ex.o(i.HAL_PWREx_EnableGPIOPullUp), (160 bytes).
    Removing stm32l4xx_hal_pwr_ex.o(i.HAL_PWREx_EnableInternalWakeUpLine), (16 bytes).
    Removing stm32l4xx_hal_pwr_ex.o(i.HAL_PWREx_EnableLowPowerRunMode), (16 bytes).
    Removing stm32l4xx_hal_pwr_ex.o(i.HAL_PWREx_EnablePVM1), (16 bytes).
    Removing stm32l4xx_hal_pwr_ex.o(i.HAL_PWREx_EnablePVM2), (16 bytes).
    Removing stm32l4xx_hal_pwr_ex.o(i.HAL_PWREx_EnablePVM3), (16 bytes).
    Removing stm32l4xx_hal_pwr_ex.o(i.HAL_PWREx_EnablePVM4), (16 bytes).
    Removing stm32l4xx_hal_pwr_ex.o(i.HAL_PWREx_EnablePullUpPullDownConfig), (16 bytes).
    Removing stm32l4xx_hal_pwr_ex.o(i.HAL_PWREx_EnableSRAM2ContentRetention), (16 bytes).
    Removing stm32l4xx_hal_pwr_ex.o(i.HAL_PWREx_EnableVddIO2), (16 bytes).
    Removing stm32l4xx_hal_pwr_ex.o(i.HAL_PWREx_EnableVddUSB), (16 bytes).
    Removing stm32l4xx_hal_pwr_ex.o(i.HAL_PWREx_EnterSHUTDOWNMode), (36 bytes).
    Removing stm32l4xx_hal_pwr_ex.o(i.HAL_PWREx_EnterSTOP0Mode), (52 bytes).
    Removing stm32l4xx_hal_pwr_ex.o(i.HAL_PWREx_EnterSTOP1Mode), (56 bytes).
    Removing stm32l4xx_hal_pwr_ex.o(i.HAL_PWREx_EnterSTOP2Mode), (56 bytes).
    Removing stm32l4xx_hal_pwr_ex.o(i.HAL_PWREx_PVD_PVM_IRQHandler), (88 bytes).
    Removing stm32l4xx_hal_pwr_ex.o(i.HAL_PWREx_PVM1Callback), (2 bytes).
    Removing stm32l4xx_hal_pwr_ex.o(i.HAL_PWREx_PVM2Callback), (2 bytes).
    Removing stm32l4xx_hal_pwr_ex.o(i.HAL_PWREx_PVM3Callback), (2 bytes).
    Removing stm32l4xx_hal_pwr_ex.o(i.HAL_PWREx_PVM4Callback), (2 bytes).
    Removing stm32l4xx_hal_cortex.o(.rev16_text), (4 bytes).
    Removing stm32l4xx_hal_cortex.o(.revsh_text), (4 bytes).
    Removing stm32l4xx_hal_cortex.o(.rrx_text), (6 bytes).
    Removing stm32l4xx_hal_cortex.o(i.HAL_MPU_ConfigRegion), (84 bytes).
    Removing stm32l4xx_hal_cortex.o(i.HAL_MPU_Disable), (28 bytes).
    Removing stm32l4xx_hal_cortex.o(i.HAL_MPU_Enable), (36 bytes).
    Removing stm32l4xx_hal_cortex.o(i.HAL_NVIC_ClearPendingIRQ), (22 bytes).
    Removing stm32l4xx_hal_cortex.o(i.HAL_NVIC_DisableIRQ), (22 bytes).
    Removing stm32l4xx_hal_cortex.o(i.HAL_NVIC_EnableIRQ), (22 bytes).
    Removing stm32l4xx_hal_cortex.o(i.HAL_NVIC_GetActive), (32 bytes).
    Removing stm32l4xx_hal_cortex.o(i.HAL_NVIC_GetPendingIRQ), (32 bytes).
    Removing stm32l4xx_hal_cortex.o(i.HAL_NVIC_GetPriority), (82 bytes).
    Removing stm32l4xx_hal_cortex.o(i.HAL_NVIC_GetPriorityGrouping), (16 bytes).
    Removing stm32l4xx_hal_cortex.o(i.HAL_NVIC_SetPendingIRQ), (22 bytes).
    Removing stm32l4xx_hal_cortex.o(i.HAL_NVIC_SystemReset), (36 bytes).
    Removing stm32l4xx_hal_cortex.o(i.HAL_SYSTICK_CLKSourceConfig), (24 bytes).
    Removing stm32l4xx_hal_cortex.o(i.HAL_SYSTICK_Callback), (2 bytes).
    Removing stm32l4xx_hal_cortex.o(i.HAL_SYSTICK_IRQHandler), (8 bytes).
    Removing stm32l4xx_hal_exti.o(.rev16_text), (4 bytes).
    Removing stm32l4xx_hal_exti.o(.revsh_text), (4 bytes).
    Removing stm32l4xx_hal_exti.o(.rrx_text), (6 bytes).
    Removing stm32l4xx_hal_exti.o(i.HAL_EXTI_ClearConfigLine), (128 bytes).
    Removing stm32l4xx_hal_exti.o(i.HAL_EXTI_ClearPending), (28 bytes).
    Removing stm32l4xx_hal_exti.o(i.HAL_EXTI_GenerateSWI), (28 bytes).
    Removing stm32l4xx_hal_exti.o(i.HAL_EXTI_GetConfigLine), (172 bytes).
    Removing stm32l4xx_hal_exti.o(i.HAL_EXTI_GetHandle), (12 bytes).
    Removing stm32l4xx_hal_exti.o(i.HAL_EXTI_GetPending), (32 bytes).
    Removing stm32l4xx_hal_exti.o(i.HAL_EXTI_IRQHandler), (44 bytes).
    Removing stm32l4xx_hal_exti.o(i.HAL_EXTI_RegisterCallback), (14 bytes).
    Removing stm32l4xx_hal_exti.o(i.HAL_EXTI_SetConfigLine), (176 bytes).
    Removing system_stm32l4xx.o(.rev16_text), (4 bytes).
    Removing system_stm32l4xx.o(.revsh_text), (4 bytes).
    Removing system_stm32l4xx.o(.rrx_text), (6 bytes).
    Removing system_stm32l4xx.o(i.SystemCoreClockUpdate), (168 bytes).
    Removing event_groups.o(i.prvTestWaitCondition), (20 bytes).
    Removing event_groups.o(i.vEventGroupClearBitsCallback), (4 bytes).
    Removing event_groups.o(i.vEventGroupDelete), (70 bytes).
    Removing event_groups.o(i.vEventGroupSetBitsCallback), (4 bytes).
    Removing event_groups.o(i.xEventGroupClearBits), (64 bytes).
    Removing event_groups.o(i.xEventGroupCreate), (26 bytes).
    Removing event_groups.o(i.xEventGroupGetBitsFromISR), (26 bytes).
    Removing event_groups.o(i.xEventGroupSetBits), (140 bytes).
    Removing event_groups.o(i.xEventGroupSync), (204 bytes).
    Removing event_groups.o(i.xEventGroupWaitBits), (264 bytes).
    Removing queue.o(i.pcQueueGetName), (40 bytes).
    Removing queue.o(i.prvCopyDataFromQueue), (38 bytes).
    Removing queue.o(i.prvCopyDataToQueue), (108 bytes).
    Removing queue.o(i.prvIsQueueEmpty), (28 bytes).
    Removing queue.o(i.prvUnlockQueue), (106 bytes).
    Removing queue.o(i.uxQueueMessagesWaiting), (36 bytes).
    Removing queue.o(i.uxQueueMessagesWaitingFromISR), (22 bytes).
    Removing queue.o(i.uxQueueSpacesAvailable), (40 bytes).
    Removing queue.o(i.vQueueAddToRegistry), (40 bytes).
    Removing queue.o(i.vQueueDelete), (36 bytes).
    Removing queue.o(i.vQueueUnregisterQueue), (40 bytes).
    Removing queue.o(i.xQueueCreateMutex), (36 bytes).
    Removing queue.o(i.xQueueGenericCreate), (72 bytes).
    Removing queue.o(i.xQueueGenericReset), (136 bytes).
    Removing queue.o(i.xQueueGenericSend), (352 bytes).
    Removing queue.o(i.xQueueGenericSendFromISR), (188 bytes).
    Removing queue.o(i.xQueueGiveFromISR), (156 bytes).
    Removing queue.o(i.xQueueIsQueueEmptyFromISR), (30 bytes).
    Removing queue.o(i.xQueueIsQueueFullFromISR), (34 bytes).
    Removing queue.o(i.xQueuePeek), (308 bytes).
    Removing queue.o(i.xQueuePeekFromISR), (116 bytes).
    Removing queue.o(i.xQueueReceive), (312 bytes).
    Removing queue.o(i.xQueueReceiveFromISR), (154 bytes).
    Removing queue.o(i.xQueueSemaphoreTake), (376 bytes).
    Removing queue.o(.bss), (64 bytes).
    Removing stream_buffer.o(i.prvBytesInBuffer), (18 bytes).
    Removing stream_buffer.o(i.prvInitialiseNewStreamBuffer), (76 bytes).
    Removing stream_buffer.o(i.prvReadBytesFromBuffer), (140 bytes).
    Removing stream_buffer.o(i.prvReadMessageFromBuffer), (66 bytes).
    Removing stream_buffer.o(i.prvWriteBytesToBuffer), (130 bytes).
    Removing stream_buffer.o(i.prvWriteMessageToBuffer), (60 bytes).
    Removing stream_buffer.o(i.vStreamBufferDelete), (34 bytes).
    Removing stream_buffer.o(i.xStreamBufferBytesAvailable), (22 bytes).
    Removing stream_buffer.o(i.xStreamBufferGenericCreate), (82 bytes).
    Removing stream_buffer.o(i.xStreamBufferIsEmpty), (34 bytes).
    Removing stream_buffer.o(i.xStreamBufferIsFull), (48 bytes).
    Removing stream_buffer.o(i.xStreamBufferReceive), (218 bytes).
    Removing stream_buffer.o(i.xStreamBufferReceiveCompletedFromISR), (70 bytes).
    Removing stream_buffer.o(i.xStreamBufferReceiveFromISR), (144 bytes).
    Removing stream_buffer.o(i.xStreamBufferReset), (58 bytes).
    Removing stream_buffer.o(i.xStreamBufferSend), (236 bytes).
    Removing stream_buffer.o(i.xStreamBufferSendCompletedFromISR), (70 bytes).
    Removing stream_buffer.o(i.xStreamBufferSendFromISR), (142 bytes).
    Removing stream_buffer.o(i.xStreamBufferSetTriggerLevel), (40 bytes).
    Removing stream_buffer.o(i.xStreamBufferSpacesAvailable), (38 bytes).
    Removing tasks.o(i.pcTaskGetName), (32 bytes).
    Removing tasks.o(i.pvTaskIncrementMutexHeldCount), (24 bytes).
    Removing tasks.o(i.ulTaskNotifyTake), (104 bytes).
    Removing tasks.o(i.uxTaskGetNumberOfTasks), (12 bytes).
    Removing tasks.o(i.uxTaskPriorityGet), (28 bytes).
    Removing tasks.o(i.uxTaskPriorityGetFromISR), (44 bytes).
    Removing tasks.o(i.uxTaskResetEventItemValue), (24 bytes).
    Removing tasks.o(i.vTaskDelete), (172 bytes).
    Removing tasks.o(i.vTaskEndScheduler), (28 bytes).
    Removing tasks.o(i.vTaskInternalSetTimeOutState), (16 bytes).
    Removing tasks.o(i.vTaskMissedYield), (12 bytes).
    Removing tasks.o(i.vTaskNotifyGiveFromISR), (184 bytes).
    Removing tasks.o(i.vTaskPlaceOnEventList), (48 bytes).
    Removing tasks.o(i.vTaskPlaceOnUnorderedEventList), (80 bytes).
    Removing tasks.o(i.vTaskPriorityDisinheritAfterTimeout), (168 bytes).
    Removing tasks.o(i.vTaskPrioritySet), (196 bytes).
    Removing tasks.o(i.vTaskRemoveFromUnorderedEventList), (112 bytes).
    Removing tasks.o(i.vTaskSetTimeOutState), (48 bytes).
    Removing tasks.o(i.xTaskCheckForTimeOut), (116 bytes).
    Removing tasks.o(i.xTaskGenericNotify), (204 bytes).
    Removing tasks.o(i.xTaskGenericNotifyFromISR), (240 bytes).
    Removing tasks.o(i.xTaskGetCurrentTaskHandle), (12 bytes).
    Removing tasks.o(i.xTaskNotifyStateClear), (52 bytes).
    Removing tasks.o(i.xTaskNotifyWait), (140 bytes).
    Removing tasks.o(i.xTaskPriorityDisinherit), (152 bytes).
    Removing tasks.o(i.xTaskPriorityInherit), (148 bytes).
    Removing tasks.o(i.xTaskRemoveFromEventList), (116 bytes).
    Removing cmsis_os.o(.rev16_text), (4 bytes).
    Removing cmsis_os.o(.revsh_text), (4 bytes).
    Removing cmsis_os.o(i.makeCmsisPriority), (14 bytes).
    Removing cmsis_os.o(i.osAbortDelay), (4 bytes).
    Removing cmsis_os.o(i.osDelayUntil), (4 bytes).
    Removing cmsis_os.o(i.osKernelRunning), (18 bytes).
    Removing cmsis_os.o(i.osMailAlloc), (12 bytes).
    Removing cmsis_os.o(i.osMailCAlloc), (32 bytes).
    Removing cmsis_os.o(i.osMailCreate), (92 bytes).
    Removing cmsis_os.o(i.osMailFree), (12 bytes).
    Removing cmsis_os.o(i.osMailGet), (150 bytes).
    Removing cmsis_os.o(i.osMailPut), (92 bytes).
    Removing cmsis_os.o(i.osMessageAvailableSpace), (4 bytes).
    Removing cmsis_os.o(i.osMessageCreate), (8 bytes).
    Removing cmsis_os.o(i.osMessageDelete), (24 bytes).
    Removing cmsis_os.o(i.osMessageGet), (154 bytes).
    Removing cmsis_os.o(i.osMessagePeek), (74 bytes).
    Removing cmsis_os.o(i.osMessagePut), (92 bytes).
    Removing cmsis_os.o(i.osMessageWaiting), (30 bytes).
    Removing cmsis_os.o(i.osMutexCreate), (6 bytes).
    Removing cmsis_os.o(i.osMutexDelete), (24 bytes).
    Removing cmsis_os.o(i.osMutexRelease), (80 bytes).
    Removing cmsis_os.o(i.osMutexWait), (100 bytes).
    Removing cmsis_os.o(i.osPoolAlloc), (106 bytes).
    Removing cmsis_os.o(i.osPoolCAlloc), (16 bytes).
    Removing cmsis_os.o(i.osPoolCreate), (94 bytes).
    Removing cmsis_os.o(i.osPoolFree), (48 bytes).
    Removing cmsis_os.o(i.osRecursiveMutexCreate), (4 bytes).
    Removing cmsis_os.o(i.osRecursiveMutexRelease), (4 bytes).
    Removing cmsis_os.o(i.osRecursiveMutexWait), (4 bytes).
    Removing cmsis_os.o(i.osSemaphoreCreate), (38 bytes).
    Removing cmsis_os.o(i.osSemaphoreDelete), (24 bytes).
    Removing cmsis_os.o(i.osSemaphoreGetCount), (4 bytes).
    Removing cmsis_os.o(i.osSemaphoreRelease), (80 bytes).
    Removing cmsis_os.o(i.osSemaphoreWait), (100 bytes).
    Removing cmsis_os.o(i.osSignalSet), (92 bytes).
    Removing cmsis_os.o(i.osSignalWait), (86 bytes).
    Removing cmsis_os.o(i.osThreadGetId), (4 bytes).
    Removing cmsis_os.o(i.osThreadGetPriority), (32 bytes).
    Removing cmsis_os.o(i.osThreadList), (4 bytes).
    Removing cmsis_os.o(i.osThreadResumeAll), (18 bytes).
    Removing cmsis_os.o(i.osThreadSetPriority), (22 bytes).
    Removing cmsis_os.o(i.osThreadSuspendAll), (10 bytes).
    Removing cmsis_os.o(i.osThreadTerminate), (10 bytes).
    Removing cmsis_os.o(i.osThreadYield), (24 bytes).
    Removing cmsis_os.o(i.osTimerCreate), (4 bytes).
    Removing cmsis_os.o(i.osTimerDelete), (4 bytes).
    Removing cmsis_os.o(i.osTimerStart), (4 bytes).
    Removing cmsis_os.o(i.osTimerStop), (4 bytes).
    Removing heap_4.o(i.vPortInitialiseBlocks), (2 bytes).
    Removing heap_4.o(i.xPortGetFreeHeapSize), (12 bytes).
    Removing heap_4.o(i.xPortGetMinimumEverFreeHeapSize), (12 bytes).
    Removing port.o(i.vPortEndScheduler), (32 bytes).

540 unused section(s) (total 37374 bytes) removed from the image.

==============================================================================

Image Symbol Table

    Local Symbols

    Symbol Name                              Value     Ov Type        Size  Object(Section)

    ../Drivers/STM32L4xx_HAL_Driver/Src/stm32l4xx_hal.c 0x00000000   Number         0  stm32l4xx_hal.o ABSOLUTE
    ../Drivers/STM32L4xx_HAL_Driver/Src/stm32l4xx_hal_cortex.c 0x00000000   Number         0  stm32l4xx_hal_cortex.o ABSOLUTE
    ../Drivers/STM32L4xx_HAL_Driver/Src/stm32l4xx_hal_dma.c 0x00000000   Number         0  stm32l4xx_hal_dma.o ABSOLUTE
    ../Drivers/STM32L4xx_HAL_Driver/Src/stm32l4xx_hal_dma_ex.c 0x00000000   Number         0  stm32l4xx_hal_dma_ex.o ABSOLUTE
    ../Drivers/STM32L4xx_HAL_Driver/Src/stm32l4xx_hal_exti.c 0x00000000   Number         0  stm32l4xx_hal_exti.o ABSOLUTE
    ../Drivers/STM32L4xx_HAL_Driver/Src/stm32l4xx_hal_flash.c 0x00000000   Number         0  stm32l4xx_hal_flash.o ABSOLUTE
    ../Drivers/STM32L4xx_HAL_Driver/Src/stm32l4xx_hal_flash_ex.c 0x00000000   Number         0  stm32l4xx_hal_flash_ex.o ABSOLUTE
    ../Drivers/STM32L4xx_HAL_Driver/Src/stm32l4xx_hal_flash_ramfunc.c 0x00000000   Number         0  stm32l4xx_hal_flash_ramfunc.o ABSOLUTE
    ../Drivers/STM32L4xx_HAL_Driver/Src/stm32l4xx_hal_gpio.c 0x00000000   Number         0  stm32l4xx_hal_gpio.o ABSOLUTE
    ../Drivers/STM32L4xx_HAL_Driver/Src/stm32l4xx_hal_i2c.c 0x00000000   Number         0  stm32l4xx_hal_i2c.o ABSOLUTE
    ../Drivers/STM32L4xx_HAL_Driver/Src/stm32l4xx_hal_i2c_ex.c 0x00000000   Number         0  stm32l4xx_hal_i2c_ex.o ABSOLUTE
    ../Drivers/STM32L4xx_HAL_Driver/Src/stm32l4xx_hal_pwr.c 0x00000000   Number         0  stm32l4xx_hal_pwr.o ABSOLUTE
    ../Drivers/STM32L4xx_HAL_Driver/Src/stm32l4xx_hal_pwr_ex.c 0x00000000   Number         0  stm32l4xx_hal_pwr_ex.o ABSOLUTE
    ../Drivers/STM32L4xx_HAL_Driver/Src/stm32l4xx_hal_rcc.c 0x00000000   Number         0  stm32l4xx_hal_rcc.o ABSOLUTE
    ../Drivers/STM32L4xx_HAL_Driver/Src/stm32l4xx_hal_rcc_ex.c 0x00000000   Number         0  stm32l4xx_hal_rcc_ex.o ABSOLUTE
    ../Drivers/STM32L4xx_HAL_Driver/Src/stm32l4xx_hal_tim.c 0x00000000   Number         0  stm32l4xx_hal_tim.o ABSOLUTE
    ../Drivers/STM32L4xx_HAL_Driver/Src/stm32l4xx_hal_tim_ex.c 0x00000000   Number         0  stm32l4xx_hal_tim_ex.o ABSOLUTE
    ../Drivers/STM32L4xx_HAL_Driver/Src/stm32l4xx_hal_uart.c 0x00000000   Number         0  stm32l4xx_hal_uart.o ABSOLUTE
    ../Drivers/STM32L4xx_HAL_Driver/Src/stm32l4xx_hal_uart_ex.c 0x00000000   Number         0  stm32l4xx_hal_uart_ex.o ABSOLUTE
    ../Middlewares/Third_Party/FreeRTOS/Source/CMSIS_RTOS/cmsis_os.c 0x00000000   Number         0  cmsis_os.o ABSOLUTE
    ../Middlewares/Third_Party/FreeRTOS/Source/croutine.c 0x00000000   Number         0  croutine.o ABSOLUTE
    ../Middlewares/Third_Party/FreeRTOS/Source/event_groups.c 0x00000000   Number         0  event_groups.o ABSOLUTE
    ../Middlewares/Third_Party/FreeRTOS/Source/list.c 0x00000000   Number         0  list.o ABSOLUTE
    ../Middlewares/Third_Party/FreeRTOS/Source/portable/MemMang/heap_4.c 0x00000000   Number         0  heap_4.o ABSOLUTE
    ../Middlewares/Third_Party/FreeRTOS/Source/portable/RVDS/ARM_CM4F/port.c 0x00000000   Number         0  port.o ABSOLUTE
    ../Middlewares/Third_Party/FreeRTOS/Source/queue.c 0x00000000   Number         0  queue.o ABSOLUTE
    ../Middlewares/Third_Party/FreeRTOS/Source/stream_buffer.c 0x00000000   Number         0  stream_buffer.o ABSOLUTE
    ../Middlewares/Third_Party/FreeRTOS/Source/tasks.c 0x00000000   Number         0  tasks.o ABSOLUTE
    ../Middlewares/Third_Party/FreeRTOS/Source/timers.c 0x00000000   Number         0  timers.o ABSOLUTE
    ../Src/freertos.c                        0x00000000   Number         0  freertos.o ABSOLUTE
    ../Src/gpio.c                            0x00000000   Number         0  gpio.o ABSOLUTE
    ../Src/main.c                            0x00000000   Number         0  main.o ABSOLUTE
    ../Src/stm32l4xx_hal_msp.c               0x00000000   Number         0  stm32l4xx_hal_msp.o ABSOLUTE
    ../Src/stm32l4xx_it.c                    0x00000000   Number         0  stm32l4xx_it.o ABSOLUTE
    ../Src/system_stm32l4xx.c                0x00000000   Number         0  system_stm32l4xx.o ABSOLUTE
    ../Src/usart.c                           0x00000000   Number         0  usart.o ABSOLUTE
    ../clib/microlib/division.c              0x00000000   Number         0  uldiv.o ABSOLUTE
    ../clib/microlib/init/entry.s            0x00000000   Number         0  entry5.o ABSOLUTE
    ../clib/microlib/init/entry.s            0x00000000   Number         0  entry2.o ABSOLUTE
    ../clib/microlib/init/entry.s            0x00000000   Number         0  entry8a.o ABSOLUTE
    ../clib/microlib/init/entry.s            0x00000000   Number         0  entry11b.o ABSOLUTE
    ../clib/microlib/init/entry.s            0x00000000   Number         0  entry11a.o ABSOLUTE
    ../clib/microlib/init/entry.s            0x00000000   Number         0  entry10b.o ABSOLUTE
    ../clib/microlib/init/entry.s            0x00000000   Number         0  entry.o ABSOLUTE
    ../clib/microlib/init/entry.s            0x00000000   Number         0  entry10a.o ABSOLUTE
    ../clib/microlib/init/entry.s            0x00000000   Number         0  entry9b.o ABSOLUTE
    ../clib/microlib/init/entry.s            0x00000000   Number         0  entry9a.o ABSOLUTE
    ../clib/microlib/init/entry.s            0x00000000   Number         0  entry8b.o ABSOLUTE
    ../clib/microlib/init/entry.s            0x00000000   Number         0  entry7b.o ABSOLUTE
    ../clib/microlib/init/entry.s            0x00000000   Number         0  entry7a.o ABSOLUTE
    ../clib/microlib/longlong.c              0x00000000   Number         0  llushr.o ABSOLUTE
    ../clib/microlib/longlong.c              0x00000000   Number         0  llshl.o ABSOLUTE
    ../clib/microlib/string/memcpy.c         0x00000000   Number         0  memcpyb.o ABSOLUTE
    ../clib/microlib/string/memcpy.c         0x00000000   Number         0  memcpya.o ABSOLUTE
    ../clib/microlib/string/memset.c         0x00000000   Number         0  memset.o ABSOLUTE
    ../clib/microlib/string/memset.c         0x00000000   Number         0  memseta.o ABSOLUTE
    ..\Drivers\STM32L4xx_HAL_Driver\Src\stm32l4xx_hal.c 0x00000000   Number         0  stm32l4xx_hal.o ABSOLUTE
    ..\Drivers\STM32L4xx_HAL_Driver\Src\stm32l4xx_hal_cortex.c 0x00000000   Number         0  stm32l4xx_hal_cortex.o ABSOLUTE
    ..\Drivers\STM32L4xx_HAL_Driver\Src\stm32l4xx_hal_dma.c 0x00000000   Number         0  stm32l4xx_hal_dma.o ABSOLUTE
    ..\Drivers\STM32L4xx_HAL_Driver\Src\stm32l4xx_hal_dma_ex.c 0x00000000   Number         0  stm32l4xx_hal_dma_ex.o ABSOLUTE
    ..\Drivers\STM32L4xx_HAL_Driver\Src\stm32l4xx_hal_exti.c 0x00000000   Number         0  stm32l4xx_hal_exti.o ABSOLUTE
    ..\Drivers\STM32L4xx_HAL_Driver\Src\stm32l4xx_hal_flash.c 0x00000000   Number         0  stm32l4xx_hal_flash.o ABSOLUTE
    ..\Drivers\STM32L4xx_HAL_Driver\Src\stm32l4xx_hal_flash_ex.c 0x00000000   Number         0  stm32l4xx_hal_flash_ex.o ABSOLUTE
    ..\Drivers\STM32L4xx_HAL_Driver\Src\stm32l4xx_hal_flash_ramfunc.c 0x00000000   Number         0  stm32l4xx_hal_flash_ramfunc.o ABSOLUTE
    ..\Drivers\STM32L4xx_HAL_Driver\Src\stm32l4xx_hal_gpio.c 0x00000000   Number         0  stm32l4xx_hal_gpio.o ABSOLUTE
    ..\Drivers\STM32L4xx_HAL_Driver\Src\stm32l4xx_hal_i2c.c 0x00000000   Number         0  stm32l4xx_hal_i2c.o ABSOLUTE
    ..\Drivers\STM32L4xx_HAL_Driver\Src\stm32l4xx_hal_i2c_ex.c 0x00000000   Number         0  stm32l4xx_hal_i2c_ex.o ABSOLUTE
    ..\Drivers\STM32L4xx_HAL_Driver\Src\stm32l4xx_hal_pwr.c 0x00000000   Number         0  stm32l4xx_hal_pwr.o ABSOLUTE
    ..\Drivers\STM32L4xx_HAL_Driver\Src\stm32l4xx_hal_pwr_ex.c 0x00000000   Number         0  stm32l4xx_hal_pwr_ex.o ABSOLUTE
    ..\Drivers\STM32L4xx_HAL_Driver\Src\stm32l4xx_hal_rcc.c 0x00000000   Number         0  stm32l4xx_hal_rcc.o ABSOLUTE
    ..\Drivers\STM32L4xx_HAL_Driver\Src\stm32l4xx_hal_rcc_ex.c 0x00000000   Number         0  stm32l4xx_hal_rcc_ex.o ABSOLUTE
    ..\Drivers\STM32L4xx_HAL_Driver\Src\stm32l4xx_hal_tim.c 0x00000000   Number         0  stm32l4xx_hal_tim.o ABSOLUTE
    ..\Drivers\STM32L4xx_HAL_Driver\Src\stm32l4xx_hal_tim_ex.c 0x00000000   Number         0  stm32l4xx_hal_tim_ex.o ABSOLUTE
    ..\Drivers\STM32L4xx_HAL_Driver\Src\stm32l4xx_hal_uart.c 0x00000000   Number         0  stm32l4xx_hal_uart.o ABSOLUTE
    ..\Drivers\STM32L4xx_HAL_Driver\Src\stm32l4xx_hal_uart_ex.c 0x00000000   Number         0  stm32l4xx_hal_uart_ex.o ABSOLUTE
    ..\Middlewares\Third_Party\FreeRTOS\Source\CMSIS_RTOS\cmsis_os.c 0x00000000   Number         0  cmsis_os.o ABSOLUTE
    ..\Middlewares\Third_Party\FreeRTOS\Source\portable\RVDS\ARM_CM4F\port.c 0x00000000   Number         0  port.o ABSOLUTE
    ..\Src\freertos.c                        0x00000000   Number         0  freertos.o ABSOLUTE
    ..\Src\gpio.c                            0x00000000   Number         0  gpio.o ABSOLUTE
    ..\Src\main.c                            0x00000000   Number         0  main.o ABSOLUTE
    ..\Src\stm32l4xx_hal_msp.c               0x00000000   Number         0  stm32l4xx_hal_msp.o ABSOLUTE
    ..\Src\stm32l4xx_it.c                    0x00000000   Number         0  stm32l4xx_it.o ABSOLUTE
    ..\Src\system_stm32l4xx.c                0x00000000   Number         0  system_stm32l4xx.o ABSOLUTE
    ..\Src\usart.c                           0x00000000   Number         0  usart.o ABSOLUTE
    dc.s                                     0x00000000   Number         0  dc.o ABSOLUTE
    handlers.s                               0x00000000   Number         0  handlers.o ABSOLUTE
    init.s                                   0x00000000   Number         0  init.o ABSOLUTE
    startup_stm32l476xx.s                    0x00000000   Number         0  startup_stm32l476xx.o ABSOLUTE
    RESET                                    0x08000000   Section      392  startup_stm32l476xx.o(RESET)
    .ARM.Collect$$$$00000000                 0x08000188   Section        0  entry.o(.ARM.Collect$$$$00000000)
    .ARM.Collect$$$$00000001                 0x08000188   Section        4  entry2.o(.ARM.Collect$$$$00000001)
    .ARM.Collect$$$$00000004                 0x0800018c   Section        4  entry5.o(.ARM.Collect$$$$00000004)
    .ARM.Collect$$$$00000008                 0x08000190   Section        0  entry7b.o(.ARM.Collect$$$$00000008)
    .ARM.Collect$$$$0000000A                 0x08000190   Section        0  entry8b.o(.ARM.Collect$$$$0000000A)
    .ARM.Collect$$$$0000000B                 0x08000190   Section        8  entry9a.o(.ARM.Collect$$$$0000000B)
    .ARM.Collect$$$$0000000D                 0x08000198   Section        0  entry10a.o(.ARM.Collect$$$$0000000D)
    .ARM.Collect$$$$0000000F                 0x08000198   Section        0  entry11a.o(.ARM.Collect$$$$0000000F)
    .ARM.Collect$$$$00002712                 0x08000198   Section        4  entry2.o(.ARM.Collect$$$$00002712)
    __lit__00000000                          0x08000198   Data           4  entry2.o(.ARM.Collect$$$$00002712)
    .emb_text                                0x0800019c   Section      190  port.o(.emb_text)
    $v0                                      0x0800019c   Number         0  port.o(.emb_text)
    .text                                    0x0800027c   Section       36  startup_stm32l476xx.o(.text)
    $v0                                      0x0800027c   Number         0  startup_stm32l476xx.o(.text)
    .text                                    0x080002a0   Section        0  uldiv.o(.text)
    .text                                    0x08000308   Section        0  memcpya.o(.text)
    .text                                    0x0800032c   Section        0  memseta.o(.text)
    .text                                    0x08000350   Section        0  llshl.o(.text)
    .text                                    0x0800036e   Section        0  llushr.o(.text)
    .text                                    0x08000390   Section       36  init.o(.text)
    i.BusFault_Handler                       0x080003b4   Section        0  stm32l4xx_it.o(i.BusFault_Handler)
    i.DebugMon_Handler                       0x080003b6   Section        0  stm32l4xx_it.o(i.DebugMon_Handler)
    i.Error_Handler                          0x080003b8   Section        0  main.o(i.Error_Handler)
    i.HAL_GPIO_Init                          0x080003bc   Section        0  stm32l4xx_hal_gpio.o(i.HAL_GPIO_Init)
    i.HAL_GPIO_WritePin                      0x08000586   Section        0  stm32l4xx_hal_gpio.o(i.HAL_GPIO_WritePin)
    i.HAL_GetTick                            0x08000590   Section        0  stm32l4xx_hal.o(i.HAL_GetTick)
    i.HAL_IncTick                            0x0800059c   Section        0  stm32l4xx_hal.o(i.HAL_IncTick)
    i.HAL_Init                               0x080005ac   Section        0  stm32l4xx_hal.o(i.HAL_Init)
    i.HAL_InitTick                           0x080005d8   Section        0  stm32l4xx_hal.o(i.HAL_InitTick)
    i.HAL_MspInit                            0x08000608   Section        0  stm32l4xx_hal_msp.o(i.HAL_MspInit)
    i.HAL_NVIC_SetPriority                   0x0800063c   Section        0  stm32l4xx_hal_cortex.o(i.HAL_NVIC_SetPriority)
    i.HAL_NVIC_SetPriorityGrouping           0x0800067c   Section        0  stm32l4xx_hal_cortex.o(i.HAL_NVIC_SetPriorityGrouping)
    i.HAL_PWREx_ControlVoltageScaling        0x080006a0   Section        0  stm32l4xx_hal_pwr_ex.o(i.HAL_PWREx_ControlVoltageScaling)
    i.HAL_PWREx_GetVoltageRange              0x08000708   Section        0  stm32l4xx_hal_pwr_ex.o(i.HAL_PWREx_GetVoltageRange)
    i.HAL_RCCEx_PeriphCLKConfig              0x08000718   Section        0  stm32l4xx_hal_rcc_ex.o(i.HAL_RCCEx_PeriphCLKConfig)
    i.HAL_RCC_ClockConfig                    0x08000ac8   Section        0  stm32l4xx_hal_rcc.o(i.HAL_RCC_ClockConfig)
    i.HAL_RCC_GetPCLK1Freq                   0x08000be0   Section        0  stm32l4xx_hal_rcc.o(i.HAL_RCC_GetPCLK1Freq)
    i.HAL_RCC_GetPCLK2Freq                   0x08000c04   Section        0  stm32l4xx_hal_rcc.o(i.HAL_RCC_GetPCLK2Freq)
    i.HAL_RCC_GetSysClockFreq                0x08000c28   Section        0  stm32l4xx_hal_rcc.o(i.HAL_RCC_GetSysClockFreq)
    i.HAL_RCC_OscConfig                      0x08000ccc   Section        0  stm32l4xx_hal_rcc.o(i.HAL_RCC_OscConfig)
    i.HAL_SYSTICK_Config                     0x08001130   Section        0  stm32l4xx_hal_cortex.o(i.HAL_SYSTICK_Config)
    i.HAL_UART_Init                          0x08001158   Section        0  stm32l4xx_hal_uart.o(i.HAL_UART_Init)
    i.HAL_UART_MspInit                       0x080011c4   Section        0  usart.o(i.HAL_UART_MspInit)
    i.HardFault_Handler                      0x08001228   Section        0  stm32l4xx_it.o(i.HardFault_Handler)
    i.LED_OFF                                0x0800122a   Section        0  main.o(i.LED_OFF)
    LED_OFF                                  0x0800122b   Thumb Code    12  main.o(i.LED_OFF)
    i.LED_ON                                 0x08001236   Section        0  main.o(i.LED_ON)
    LED_ON                                   0x08001237   Thumb Code    12  main.o(i.LED_ON)
    i.LED_Thread1                            0x08001244   Section        0  main.o(i.LED_Thread1)
    i.LED_Thread2                            0x080012d0   Section        0  main.o(i.LED_Thread2)
    i.MX_FREERTOS_Init                       0x0800132c   Section        0  freertos.o(i.MX_FREERTOS_Init)
    i.MX_GPIO_Init                           0x08001354   Section        0  gpio.o(i.MX_GPIO_Init)
    i.MX_USART2_UART_Init                    0x080013ec   Section        0  usart.o(i.MX_USART2_UART_Init)
    i.MemManage_Handler                      0x08001428   Section        0  stm32l4xx_it.o(i.MemManage_Handler)
    i.NMI_Handler                            0x0800142a   Section        0  stm32l4xx_it.o(i.NMI_Handler)
    i.NVIC_SetPriority                       0x0800142c   Section        0  stm32l4xx_hal_cortex.o(i.NVIC_SetPriority)
    NVIC_SetPriority                         0x0800142d   Thumb Code    32  stm32l4xx_hal_cortex.o(i.NVIC_SetPriority)
    i.RCCEx_PLLSAI1_Config                   0x0800144c   Section        0  stm32l4xx_hal_rcc_ex.o(i.RCCEx_PLLSAI1_Config)
    RCCEx_PLLSAI1_Config                     0x0800144d   Thumb Code   278  stm32l4xx_hal_rcc_ex.o(i.RCCEx_PLLSAI1_Config)
    i.RCCEx_PLLSAI2_Config                   0x08001578   Section        0  stm32l4xx_hal_rcc_ex.o(i.RCCEx_PLLSAI2_Config)
    RCCEx_PLLSAI2_Config                     0x08001579   Thumb Code   250  stm32l4xx_hal_rcc_ex.o(i.RCCEx_PLLSAI2_Config)
    i.RCC_SetFlashLatencyFromMSIRange        0x08001680   Section        0  stm32l4xx_hal_rcc.o(i.RCC_SetFlashLatencyFromMSIRange)
    RCC_SetFlashLatencyFromMSIRange          0x08001681   Thumb Code   116  stm32l4xx_hal_rcc.o(i.RCC_SetFlashLatencyFromMSIRange)
    i.StartDefaultTask                       0x080016fc   Section        0  freertos.o(i.StartDefaultTask)
    i.SysTick_Handler                        0x08001704   Section        0  stm32l4xx_it.o(i.SysTick_Handler)
    i.SystemClock_Config                     0x08001712   Section        0  main.o(i.SystemClock_Config)
    i.SystemInit                             0x08001780   Section        0  system_stm32l4xx.o(i.SystemInit)
    i.UART_AdvFeatureConfig                  0x080017c4   Section        0  stm32l4xx_hal_uart.o(i.UART_AdvFeatureConfig)
    i.UART_CheckIdleState                    0x0800188c   Section        0  stm32l4xx_hal_uart.o(i.UART_CheckIdleState)
    i.UART_SetConfig                         0x080018e8   Section        0  stm32l4xx_hal_uart.o(i.UART_SetConfig)
    i.UART_WaitOnFlagUntilTimeout            0x08001b88   Section        0  stm32l4xx_hal_uart.o(i.UART_WaitOnFlagUntilTimeout)
    i.UsageFault_Handler                     0x08001bec   Section        0  stm32l4xx_it.o(i.UsageFault_Handler)
    i.__scatterload_copy                     0x08001bee   Section       14  handlers.o(i.__scatterload_copy)
    i.__scatterload_null                     0x08001bfc   Section        2  handlers.o(i.__scatterload_null)
    i.__scatterload_zeroinit                 0x08001bfe   Section       14  handlers.o(i.__scatterload_zeroinit)
    i.inHandlerMode                          0x08001c0c   Section        0  cmsis_os.o(i.inHandlerMode)
    inHandlerMode                            0x08001c0d   Thumb Code    12  cmsis_os.o(i.inHandlerMode)
    i.main                                   0x08001c18   Section        0  main.o(i.main)
    i.makeFreeRtosPriority                   0x08001c68   Section        0  cmsis_os.o(i.makeFreeRtosPriority)
    makeFreeRtosPriority                     0x08001c69   Thumb Code    12  cmsis_os.o(i.makeFreeRtosPriority)
    i.osDelay                                0x08001c74   Section        0  cmsis_os.o(i.osDelay)
    i.osKernelStart                          0x08001c82   Section        0  cmsis_os.o(i.osKernelStart)
    i.osKernelSysTick                        0x08001c8c   Section        0  cmsis_os.o(i.osKernelSysTick)
    i.osSystickHandler                       0x08001ca4   Section        0  cmsis_os.o(i.osSystickHandler)
    i.osThreadCreate                         0x08001cb8   Section        0  cmsis_os.o(i.osThreadCreate)
    i.osThreadResume                         0x08001ce8   Section        0  cmsis_os.o(i.osThreadResume)
    i.osThreadSuspend                        0x08001d1c   Section        0  cmsis_os.o(i.osThreadSuspend)
    i.prvAddCurrentTaskToDelayedList         0x08001d28   Section        0  tasks.o(i.prvAddCurrentTaskToDelayedList)
    prvAddCurrentTaskToDelayedList           0x08001d29   Thumb Code   102  tasks.o(i.prvAddCurrentTaskToDelayedList)
    i.prvAddNewTaskToReadyList               0x08001d98   Section        0  tasks.o(i.prvAddNewTaskToReadyList)
    prvAddNewTaskToReadyList                 0x08001d99   Thumb Code   194  tasks.o(i.prvAddNewTaskToReadyList)
    i.prvDeleteTCB                           0x08001e68   Section        0  tasks.o(i.prvDeleteTCB)
    prvDeleteTCB                             0x08001e69   Thumb Code    20  tasks.o(i.prvDeleteTCB)
    i.prvHeapInit                            0x08001e7c   Section        0  heap_4.o(i.prvHeapInit)
    prvHeapInit                              0x08001e7d   Thumb Code    64  heap_4.o(i.prvHeapInit)
    i.prvIdleTask                            0x08001ec4   Section        0  tasks.o(i.prvIdleTask)
    prvIdleTask                              0x08001ec5   Thumb Code    82  tasks.o(i.prvIdleTask)
    i.prvInitialiseNewTask                   0x08001f24   Section        0  tasks.o(i.prvInitialiseNewTask)
    prvInitialiseNewTask                     0x08001f25   Thumb Code   142  tasks.o(i.prvInitialiseNewTask)
    i.prvInsertBlockIntoFreeList             0x08001fb4   Section        0  heap_4.o(i.prvInsertBlockIntoFreeList)
    prvInsertBlockIntoFreeList               0x08001fb5   Thumb Code    72  heap_4.o(i.prvInsertBlockIntoFreeList)
    i.prvResetNextTaskUnblockTime            0x08002000   Section        0  tasks.o(i.prvResetNextTaskUnblockTime)
    prvResetNextTaskUnblockTime              0x08002001   Thumb Code    26  tasks.o(i.prvResetNextTaskUnblockTime)
    i.prvTaskExitError                       0x08002020   Section        0  port.o(i.prvTaskExitError)
    prvTaskExitError                         0x08002021   Thumb Code    36  port.o(i.prvTaskExitError)
    i.prvTaskIsTaskSuspended                 0x08002048   Section        0  tasks.o(i.prvTaskIsTaskSuspended)
    prvTaskIsTaskSuspended                   0x08002049   Thumb Code    48  tasks.o(i.prvTaskIsTaskSuspended)
    i.pvPortMalloc                           0x0800207c   Section        0  heap_4.o(i.pvPortMalloc)
    i.pxPortInitialiseStack                  0x08002154   Section        0  port.o(i.pxPortInitialiseStack)
    i.uxListRemove                           0x08002180   Section        0  list.o(i.uxListRemove)
    i.vListInitialise                        0x080021a6   Section        0  list.o(i.vListInitialise)
    i.vListInitialiseItem                    0x080021bc   Section        0  list.o(i.vListInitialiseItem)
    i.vListInsert                            0x080021c2   Section        0  list.o(i.vListInsert)
    i.vListInsertEnd                         0x080021f2   Section        0  list.o(i.vListInsertEnd)
    i.vPortEnterCritical                     0x0800220c   Section        0  port.o(i.vPortEnterCritical)
    i.vPortExitCritical                      0x0800224c   Section        0  port.o(i.vPortExitCritical)
    i.vPortFree                              0x08002274   Section        0  heap_4.o(i.vPortFree)
    i.vPortSetupTimerInterrupt               0x080022d0   Section        0  port.o(i.vPortSetupTimerInterrupt)
    i.vPortValidateInterruptPriority         0x080022f4   Section        0  port.o(i.vPortValidateInterruptPriority)
    i.vTaskDelay                             0x08002348   Section        0  tasks.o(i.vTaskDelay)
    i.vTaskResume                            0x08002394   Section        0  tasks.o(i.vTaskResume)
    i.vTaskStartScheduler                    0x08002410   Section        0  tasks.o(i.vTaskStartScheduler)
    i.vTaskSuspend                           0x08002478   Section        0  tasks.o(i.vTaskSuspend)
    i.vTaskSuspendAll                        0x08002534   Section        0  tasks.o(i.vTaskSuspendAll)
    i.vTaskSwitchContext                     0x08002544   Section        0  tasks.o(i.vTaskSwitchContext)
    i.xPortStartScheduler                    0x080025a0   Section        0  port.o(i.xPortStartScheduler)
    i.xPortSysTickHandler                    0x08002694   Section        0  port.o(i.xPortSysTickHandler)
    i.xTaskCreate                            0x080026c0   Section        0  tasks.o(i.xTaskCreate)
    i.xTaskGetSchedulerState                 0x0800271c   Section        0  tasks.o(i.xTaskGetSchedulerState)
    i.xTaskGetTickCount                      0x08002738   Section        0  tasks.o(i.xTaskGetTickCount)
    i.xTaskGetTickCountFromISR               0x08002744   Section        0  tasks.o(i.xTaskGetTickCountFromISR)
    i.xTaskIncrementTick                     0x08002754   Section        0  tasks.o(i.xTaskIncrementTick)
    i.xTaskResumeAll                         0x0800281c   Section        0  tasks.o(i.xTaskResumeAll)
    i.xTaskResumeFromISR                     0x080028e0   Section        0  tasks.o(i.xTaskResumeFromISR)
    .constdata                               0x08002968   Section       40  main.o(.constdata)
    .constdata                               0x08002990   Section       20  freertos.o(.constdata)
    .constdata                               0x080029a4   Section       64  system_stm32l4xx.o(.constdata)
    .constdata                               0x080029e4   Section        8  system_stm32l4xx.o(.constdata)
    .conststring                             0x080029ec   Section       21  main.o(.conststring)
    .conststring                             0x08002a04   Section       12  freertos.o(.conststring)
    .data                                    0x20000000   Section        4  main.o(.data)
    .data                                    0x20000004   Section        4  freertos.o(.data)
    .data                                    0x20000008   Section        4  stm32l4xx_hal.o(.data)
    .data                                    0x2000000c   Section        4  system_stm32l4xx.o(.data)
    .data                                    0x20000010   Section       60  tasks.o(.data)
    pxDelayedTaskList                        0x20000014   Data           4  tasks.o(.data)
    pxOverflowDelayedTaskList                0x20000018   Data           4  tasks.o(.data)
    uxDeletedTasksWaitingCleanUp             0x2000001c   Data           4  tasks.o(.data)
    uxCurrentNumberOfTasks                   0x20000020   Data           4  tasks.o(.data)
    xTickCount                               0x20000024   Data           4  tasks.o(.data)
    uxTopReadyPriority                       0x20000028   Data           4  tasks.o(.data)
    xSchedulerRunning                        0x2000002c   Data           4  tasks.o(.data)
    uxPendedTicks                            0x20000030   Data           4  tasks.o(.data)
    xYieldPending                            0x20000034   Data           4  tasks.o(.data)
    xNumOfOverflows                          0x20000038   Data           4  tasks.o(.data)
    uxTaskNumber                             0x2000003c   Data           4  tasks.o(.data)
    xNextTaskUnblockTime                     0x20000040   Data           4  tasks.o(.data)
    xIdleTaskHandle                          0x20000044   Data           4  tasks.o(.data)
    uxSchedulerSuspended                     0x20000048   Data           4  tasks.o(.data)
    .data                                    0x2000004c   Section       24  heap_4.o(.data)
    pxEnd                                    0x2000004c   Data           4  heap_4.o(.data)
    xFreeBytesRemaining                      0x20000050   Data           4  heap_4.o(.data)
    xMinimumEverFreeBytesRemaining           0x20000054   Data           4  heap_4.o(.data)
    xBlockAllocatedBit                       0x20000058   Data           4  heap_4.o(.data)
    xStart                                   0x2000005c   Data           8  heap_4.o(.data)
    .data                                    0x20000064   Section       12  port.o(.data)
    ucMaxSysCallPriority                     0x20000064   Data           1  port.o(.data)
    uxCriticalNesting                        0x20000068   Data           4  port.o(.data)
    ulMaxPRIGROUPValue                       0x2000006c   Data           4  port.o(.data)
    .bss                                     0x20000070   Section      120  usart.o(.bss)
    .bss                                     0x200000e8   Section      240  tasks.o(.bss)
    pxReadyTasksLists                        0x200000e8   Data         140  tasks.o(.bss)
    xDelayedTaskList1                        0x20000174   Data          20  tasks.o(.bss)
    xDelayedTaskList2                        0x20000188   Data          20  tasks.o(.bss)
    xPendingReadyList                        0x2000019c   Data          20  tasks.o(.bss)
    xTasksWaitingTermination                 0x200001b0   Data          20  tasks.o(.bss)
    xSuspendedTaskList                       0x200001c4   Data          20  tasks.o(.bss)
    .bss                                     0x200001d8   Section     3000  heap_4.o(.bss)
    ucHeap                                   0x200001d8   Data        3000  heap_4.o(.bss)
    STACK                                    0x20000d90   Section     1024  startup_stm32l476xx.o(STACK)

    Global Symbols

    Symbol Name                              Value     Ov Type        Size  Object(Section)

    BuildAttributes$$THM_ISAv4$E$P$D$K$B$S$7EM$VFPi3$EXTD16$VFPS$VFMA$PE$A:L22UL41UL21$X:L11$S22US41US21$IEEE1$IW$USESV6$~STKCKD$USESV7$~SHL$OSPACE$EBA8$MICROLIB$REQ8$PRES8$EABIv2 0x00000000   Number         0  anon$$obj.o ABSOLUTE
    __ARM_use_no_argv                        0x00000000   Number         0  main.o ABSOLUTE
    __cpp_initialize__aeabi_                  - Undefined Weak Reference
    __cxa_finalize                            - Undefined Weak Reference
    __decompress                              - Undefined Weak Reference
    _clock_init                               - Undefined Weak Reference
    _microlib_exit                            - Undefined Weak Reference
    __Vectors_Size                           0x00000188   Number         0  startup_stm32l476xx.o ABSOLUTE
    __Vectors                                0x08000000   Data           4  startup_stm32l476xx.o(RESET)
    __Vectors_End                            0x08000188   Data           0  startup_stm32l476xx.o(RESET)
    __main                                   0x08000189   Thumb Code     0  entry.o(.ARM.Collect$$$$00000000)
    _main_stk                                0x08000189   Thumb Code     0  entry2.o(.ARM.Collect$$$$00000001)
    _main_scatterload                        0x0800018d   Thumb Code     0  entry5.o(.ARM.Collect$$$$00000004)
    __main_after_scatterload                 0x08000191   Thumb Code     0  entry5.o(.ARM.Collect$$$$00000004)
    _main_clock                              0x08000191   Thumb Code     0  entry7b.o(.ARM.Collect$$$$00000008)
    _main_cpp_init                           0x08000191   Thumb Code     0  entry8b.o(.ARM.Collect$$$$0000000A)
    _main_init                               0x08000191   Thumb Code     0  entry9a.o(.ARM.Collect$$$$0000000B)
    __rt_final_cpp                           0x08000199   Thumb Code     0  entry10a.o(.ARM.Collect$$$$0000000D)
    __rt_final_exit                          0x08000199   Thumb Code     0  entry11a.o(.ARM.Collect$$$$0000000F)
    SVC_Handler                              0x0800019d   Thumb Code    28  port.o(.emb_text)
    __asm___6_port_c_39a90d8d__prvStartFirstTask 0x080001bd   Thumb Code    36  port.o(.emb_text)
    __asm___6_port_c_39a90d8d__prvEnableVFP  0x080001e5   Thumb Code    16  port.o(.emb_text)
    PendSV_Handler                           0x080001f9   Thumb Code    88  port.o(.emb_text)
    vPortGetIPSR                             0x08000255   Thumb Code     6  port.o(.emb_text)
    Reset_Handler                            0x0800027d   Thumb Code     8  startup_stm32l476xx.o(.text)
    ADC1_2_IRQHandler                        0x08000297   Thumb Code     0  startup_stm32l476xx.o(.text)
    ADC3_IRQHandler                          0x08000297   Thumb Code     0  startup_stm32l476xx.o(.text)
    CAN1_RX0_IRQHandler                      0x08000297   Thumb Code     0  startup_stm32l476xx.o(.text)
    CAN1_RX1_IRQHandler                      0x08000297   Thumb Code     0  startup_stm32l476xx.o(.text)
    CAN1_SCE_IRQHandler                      0x08000297   Thumb Code     0  startup_stm32l476xx.o(.text)
    CAN1_TX_IRQHandler                       0x08000297   Thumb Code     0  startup_stm32l476xx.o(.text)
    COMP_IRQHandler                          0x08000297   Thumb Code     0  startup_stm32l476xx.o(.text)
    DFSDM1_FLT0_IRQHandler                   0x08000297   Thumb Code     0  startup_stm32l476xx.o(.text)
    DFSDM1_FLT1_IRQHandler                   0x08000297   Thumb Code     0  startup_stm32l476xx.o(.text)
    DFSDM1_FLT2_IRQHandler                   0x08000297   Thumb Code     0  startup_stm32l476xx.o(.text)
    DFSDM1_FLT3_IRQHandler                   0x08000297   Thumb Code     0  startup_stm32l476xx.o(.text)
    DMA1_Channel1_IRQHandler                 0x08000297   Thumb Code     0  startup_stm32l476xx.o(.text)
    DMA1_Channel2_IRQHandler                 0x08000297   Thumb Code     0  startup_stm32l476xx.o(.text)
    DMA1_Channel3_IRQHandler                 0x08000297   Thumb Code     0  startup_stm32l476xx.o(.text)
    DMA1_Channel4_IRQHandler                 0x08000297   Thumb Code     0  startup_stm32l476xx.o(.text)
    DMA1_Channel5_IRQHandler                 0x08000297   Thumb Code     0  startup_stm32l476xx.o(.text)
    DMA1_Channel6_IRQHandler                 0x08000297   Thumb Code     0  startup_stm32l476xx.o(.text)
    DMA1_Channel7_IRQHandler                 0x08000297   Thumb Code     0  startup_stm32l476xx.o(.text)
    DMA2_Channel1_IRQHandler                 0x08000297   Thumb Code     0  startup_stm32l476xx.o(.text)
    DMA2_Channel2_IRQHandler                 0x08000297   Thumb Code     0  startup_stm32l476xx.o(.text)
    DMA2_Channel3_IRQHandler                 0x08000297   Thumb Code     0  startup_stm32l476xx.o(.text)
    DMA2_Channel4_IRQHandler                 0x08000297   Thumb Code     0  startup_stm32l476xx.o(.text)
    DMA2_Channel5_IRQHandler                 0x08000297   Thumb Code     0  startup_stm32l476xx.o(.text)
    DMA2_Channel6_IRQHandler                 0x08000297   Thumb Code     0  startup_stm32l476xx.o(.text)
    DMA2_Channel7_IRQHandler                 0x08000297   Thumb Code     0  startup_stm32l476xx.o(.text)
    EXTI0_IRQHandler                         0x08000297   Thumb Code     0  startup_stm32l476xx.o(.text)
    EXTI15_10_IRQHandler                     0x08000297   Thumb Code     0  startup_stm32l476xx.o(.text)
    EXTI1_IRQHandler                         0x08000297   Thumb Code     0  startup_stm32l476xx.o(.text)
    EXTI2_IRQHandler                         0x08000297   Thumb Code     0  startup_stm32l476xx.o(.text)
    EXTI3_IRQHandler                         0x08000297   Thumb Code     0  startup_stm32l476xx.o(.text)
    EXTI4_IRQHandler                         0x08000297   Thumb Code     0  startup_stm32l476xx.o(.text)
    EXTI9_5_IRQHandler                       0x08000297   Thumb Code     0  startup_stm32l476xx.o(.text)
    FLASH_IRQHandler                         0x08000297   Thumb Code     0  startup_stm32l476xx.o(.text)
    FMC_IRQHandler                           0x08000297   Thumb Code     0  startup_stm32l476xx.o(.text)
    FPU_IRQHandler                           0x08000297   Thumb Code     0  startup_stm32l476xx.o(.text)
    I2C1_ER_IRQHandler                       0x08000297   Thumb Code     0  startup_stm32l476xx.o(.text)
    I2C1_EV_IRQHandler                       0x08000297   Thumb Code     0  startup_stm32l476xx.o(.text)
    I2C2_ER_IRQHandler                       0x08000297   Thumb Code     0  startup_stm32l476xx.o(.text)
    I2C2_EV_IRQHandler                       0x08000297   Thumb Code     0  startup_stm32l476xx.o(.text)
    I2C3_ER_IRQHandler                       0x08000297   Thumb Code     0  startup_stm32l476xx.o(.text)
    I2C3_EV_IRQHandler                       0x08000297   Thumb Code     0  startup_stm32l476xx.o(.text)
    LCD_IRQHandler                           0x08000297   Thumb Code     0  startup_stm32l476xx.o(.text)
    LPTIM1_IRQHandler                        0x08000297   Thumb Code     0  startup_stm32l476xx.o(.text)
    LPTIM2_IRQHandler                        0x08000297   Thumb Code     0  startup_stm32l476xx.o(.text)
    LPUART1_IRQHandler                       0x08000297   Thumb Code     0  startup_stm32l476xx.o(.text)
    OTG_FS_IRQHandler                        0x08000297   Thumb Code     0  startup_stm32l476xx.o(.text)
    PVD_PVM_IRQHandler                       0x08000297   Thumb Code     0  startup_stm32l476xx.o(.text)
    QUADSPI_IRQHandler                       0x08000297   Thumb Code     0  startup_stm32l476xx.o(.text)
    RCC_IRQHandler                           0x08000297   Thumb Code     0  startup_stm32l476xx.o(.text)
    RNG_IRQHandler                           0x08000297   Thumb Code     0  startup_stm32l476xx.o(.text)
    RTC_Alarm_IRQHandler                     0x08000297   Thumb Code     0  startup_stm32l476xx.o(.text)
    RTC_WKUP_IRQHandler                      0x08000297   Thumb Code     0  startup_stm32l476xx.o(.text)
    SAI1_IRQHandler                          0x08000297   Thumb Code     0  startup_stm32l476xx.o(.text)
    SAI2_IRQHandler                          0x08000297   Thumb Code     0  startup_stm32l476xx.o(.text)
    SDMMC1_IRQHandler                        0x08000297   Thumb Code     0  startup_stm32l476xx.o(.text)
    SPI1_IRQHandler                          0x08000297   Thumb Code     0  startup_stm32l476xx.o(.text)
    SPI2_IRQHandler                          0x08000297   Thumb Code     0  startup_stm32l476xx.o(.text)
    SPI3_IRQHandler                          0x08000297   Thumb Code     0  startup_stm32l476xx.o(.text)
    SWPMI1_IRQHandler                        0x08000297   Thumb Code     0  startup_stm32l476xx.o(.text)
    TAMP_STAMP_IRQHandler                    0x08000297   Thumb Code     0  startup_stm32l476xx.o(.text)
    TIM1_BRK_TIM15_IRQHandler                0x08000297   Thumb Code     0  startup_stm32l476xx.o(.text)
    TIM1_CC_IRQHandler                       0x08000297   Thumb Code     0  startup_stm32l476xx.o(.text)
    TIM1_TRG_COM_TIM17_IRQHandler            0x08000297   Thumb Code     0  startup_stm32l476xx.o(.text)
    TIM1_UP_TIM16_IRQHandler                 0x08000297   Thumb Code     0  startup_stm32l476xx.o(.text)
    TIM2_IRQHandler                          0x08000297   Thumb Code     0  startup_stm32l476xx.o(.text)
    TIM3_IRQHandler                          0x08000297   Thumb Code     0  startup_stm32l476xx.o(.text)
    TIM4_IRQHandler                          0x08000297   Thumb Code     0  startup_stm32l476xx.o(.text)
    TIM5_IRQHandler                          0x08000297   Thumb Code     0  startup_stm32l476xx.o(.text)
    TIM6_DAC_IRQHandler                      0x08000297   Thumb Code     0  startup_stm32l476xx.o(.text)
    TIM7_IRQHandler                          0x08000297   Thumb Code     0  startup_stm32l476xx.o(.text)
    TIM8_BRK_IRQHandler                      0x08000297   Thumb Code     0  startup_stm32l476xx.o(.text)
    TIM8_CC_IRQHandler                       0x08000297   Thumb Code     0  startup_stm32l476xx.o(.text)
    TIM8_TRG_COM_IRQHandler                  0x08000297   Thumb Code     0  startup_stm32l476xx.o(.text)
    TIM8_UP_IRQHandler                       0x08000297   Thumb Code     0  startup_stm32l476xx.o(.text)
    TSC_IRQHandler                           0x08000297   Thumb Code     0  startup_stm32l476xx.o(.text)
    UART4_IRQHandler                         0x08000297   Thumb Code     0  startup_stm32l476xx.o(.text)
    UART5_IRQHandler                         0x08000297   Thumb Code     0  startup_stm32l476xx.o(.text)
    USART1_IRQHandler                        0x08000297   Thumb Code     0  startup_stm32l476xx.o(.text)
    USART2_IRQHandler                        0x08000297   Thumb Code     0  startup_stm32l476xx.o(.text)
    USART3_IRQHandler                        0x08000297   Thumb Code     0  startup_stm32l476xx.o(.text)
    WWDG_IRQHandler                          0x08000297   Thumb Code     0  startup_stm32l476xx.o(.text)
    __aeabi_uldivmod                         0x080002a1   Thumb Code    98  uldiv.o(.text)
    __aeabi_memcpy                           0x08000309   Thumb Code    36  memcpya.o(.text)
    __aeabi_memcpy4                          0x08000309   Thumb Code     0  memcpya.o(.text)
    __aeabi_memcpy8                          0x08000309   Thumb Code     0  memcpya.o(.text)
    __aeabi_memset                           0x0800032d   Thumb Code    14  memseta.o(.text)
    __aeabi_memset4                          0x0800032d   Thumb Code     0  memseta.o(.text)
    __aeabi_memset8                          0x0800032d   Thumb Code     0  memseta.o(.text)
    __aeabi_memclr                           0x0800033b   Thumb Code     4  memseta.o(.text)
    __aeabi_memclr4                          0x0800033b   Thumb Code     0  memseta.o(.text)
    __aeabi_memclr8                          0x0800033b   Thumb Code     0  memseta.o(.text)
    memset                                   0x0800033f   Thumb Code    18  memseta.o(.text)
    __aeabi_llsl                             0x08000351   Thumb Code    30  llshl.o(.text)
    _ll_shift_l                              0x08000351   Thumb Code     0  llshl.o(.text)
    __aeabi_llsr                             0x0800036f   Thumb Code    32  llushr.o(.text)
    _ll_ushift_r                             0x0800036f   Thumb Code     0  llushr.o(.text)
    __scatterload                            0x08000391   Thumb Code    28  init.o(.text)
    __scatterload_rt2                        0x08000391   Thumb Code     0  init.o(.text)
    BusFault_Handler                         0x080003b5   Thumb Code     2  stm32l4xx_it.o(i.BusFault_Handler)
    DebugMon_Handler                         0x080003b7   Thumb Code     2  stm32l4xx_it.o(i.DebugMon_Handler)
    Error_Handler                            0x080003b9   Thumb Code     2  main.o(i.Error_Handler)
    HAL_GPIO_Init                            0x080003bd   Thumb Code   414  stm32l4xx_hal_gpio.o(i.HAL_GPIO_Init)
    HAL_GPIO_WritePin                        0x08000587   Thumb Code    10  stm32l4xx_hal_gpio.o(i.HAL_GPIO_WritePin)
    HAL_GetTick                              0x08000591   Thumb Code     6  stm32l4xx_hal.o(i.HAL_GetTick)
    HAL_IncTick                              0x0800059d   Thumb Code    10  stm32l4xx_hal.o(i.HAL_IncTick)
    HAL_Init                                 0x080005ad   Thumb Code    40  stm32l4xx_hal.o(i.HAL_Init)
    HAL_InitTick                             0x080005d9   Thumb Code    42  stm32l4xx_hal.o(i.HAL_InitTick)
    HAL_MspInit                              0x08000609   Thumb Code    48  stm32l4xx_hal_msp.o(i.HAL_MspInit)
    HAL_NVIC_SetPriority                     0x0800063d   Thumb Code    60  stm32l4xx_hal_cortex.o(i.HAL_NVIC_SetPriority)
    HAL_NVIC_SetPriorityGrouping             0x0800067d   Thumb Code    26  stm32l4xx_hal_cortex.o(i.HAL_NVIC_SetPriorityGrouping)
    HAL_PWREx_ControlVoltageScaling          0x080006a1   Thumb Code    90  stm32l4xx_hal_pwr_ex.o(i.HAL_PWREx_ControlVoltageScaling)
    HAL_PWREx_GetVoltageRange                0x08000709   Thumb Code    10  stm32l4xx_hal_pwr_ex.o(i.HAL_PWREx_GetVoltageRange)
    HAL_RCCEx_PeriphCLKConfig                0x08000719   Thumb Code   928  stm32l4xx_hal_rcc_ex.o(i.HAL_RCCEx_PeriphCLKConfig)
    HAL_RCC_ClockConfig                      0x08000ac9   Thumb Code   264  stm32l4xx_hal_rcc.o(i.HAL_RCC_ClockConfig)
    HAL_RCC_GetPCLK1Freq                     0x08000be1   Thumb Code    24  stm32l4xx_hal_rcc.o(i.HAL_RCC_GetPCLK1Freq)
    HAL_RCC_GetPCLK2Freq                     0x08000c05   Thumb Code    24  stm32l4xx_hal_rcc.o(i.HAL_RCC_GetPCLK2Freq)
    HAL_RCC_GetSysClockFreq                  0x08000c29   Thumb Code   152  stm32l4xx_hal_rcc.o(i.HAL_RCC_GetSysClockFreq)
    HAL_RCC_OscConfig                        0x08000ccd   Thumb Code  1118  stm32l4xx_hal_rcc.o(i.HAL_RCC_OscConfig)
    HAL_SYSTICK_Config                       0x08001131   Thumb Code    40  stm32l4xx_hal_cortex.o(i.HAL_SYSTICK_Config)
    HAL_UART_Init                            0x08001159   Thumb Code   106  stm32l4xx_hal_uart.o(i.HAL_UART_Init)
    HAL_UART_MspInit                         0x080011c5   Thumb Code    90  usart.o(i.HAL_UART_MspInit)
    HardFault_Handler                        0x08001229   Thumb Code     2  stm32l4xx_it.o(i.HardFault_Handler)
    LED_Thread1                              0x08001245   Thumb Code   134  main.o(i.LED_Thread1)
    LED_Thread2                              0x080012d1   Thumb Code    86  main.o(i.LED_Thread2)
    MX_FREERTOS_Init                         0x0800132d   Thumb Code    30  freertos.o(i.MX_FREERTOS_Init)
    MX_GPIO_Init                             0x08001355   Thumb Code   138  gpio.o(i.MX_GPIO_Init)
    MX_USART2_UART_Init                      0x080013ed   Thumb Code    52  usart.o(i.MX_USART2_UART_Init)
    MemManage_Handler                        0x08001429   Thumb Code     2  stm32l4xx_it.o(i.MemManage_Handler)
    NMI_Handler                              0x0800142b   Thumb Code     2  stm32l4xx_it.o(i.NMI_Handler)
    StartDefaultTask                         0x080016fd   Thumb Code     8  freertos.o(i.StartDefaultTask)
    SysTick_Handler                          0x08001705   Thumb Code    14  stm32l4xx_it.o(i.SysTick_Handler)
    SystemClock_Config                       0x08001713   Thumb Code   110  main.o(i.SystemClock_Config)
    SystemInit                               0x08001781   Thumb Code    56  system_stm32l4xx.o(i.SystemInit)
    UART_AdvFeatureConfig                    0x080017c5   Thumb Code   200  stm32l4xx_hal_uart.o(i.UART_AdvFeatureConfig)
    UART_CheckIdleState                      0x0800188d   Thumb Code    92  stm32l4xx_hal_uart.o(i.UART_CheckIdleState)
    UART_SetConfig                           0x080018e9   Thumb Code   622  stm32l4xx_hal_uart.o(i.UART_SetConfig)
    UART_WaitOnFlagUntilTimeout              0x08001b89   Thumb Code   100  stm32l4xx_hal_uart.o(i.UART_WaitOnFlagUntilTimeout)
    UsageFault_Handler                       0x08001bed   Thumb Code     2  stm32l4xx_it.o(i.UsageFault_Handler)
    __scatterload_copy                       0x08001bef   Thumb Code    14  handlers.o(i.__scatterload_copy)
    __scatterload_null                       0x08001bfd   Thumb Code     2  handlers.o(i.__scatterload_null)
    __scatterload_zeroinit                   0x08001bff   Thumb Code    14  handlers.o(i.__scatterload_zeroinit)
    main                                     0x08001c19   Thumb Code    72  main.o(i.main)
    osDelay                                  0x08001c75   Thumb Code    14  cmsis_os.o(i.osDelay)
    osKernelStart                            0x08001c83   Thumb Code    10  cmsis_os.o(i.osKernelStart)
    osKernelSysTick                          0x08001c8d   Thumb Code    24  cmsis_os.o(i.osKernelSysTick)
    osSystickHandler                         0x08001ca5   Thumb Code    20  cmsis_os.o(i.osSystickHandler)
    osThreadCreate                           0x08001cb9   Thumb Code    46  cmsis_os.o(i.osThreadCreate)
    osThreadResume                           0x08001ce9   Thumb Code    46  cmsis_os.o(i.osThreadResume)
    osThreadSuspend                          0x08001d1d   Thumb Code    10  cmsis_os.o(i.osThreadSuspend)
    pvPortMalloc                             0x0800207d   Thumb Code   210  heap_4.o(i.pvPortMalloc)
    pxPortInitialiseStack                    0x08002155   Thumb Code    40  port.o(i.pxPortInitialiseStack)
    uxListRemove                             0x08002181   Thumb Code    38  list.o(i.uxListRemove)
    vListInitialise                          0x080021a7   Thumb Code    22  list.o(i.vListInitialise)
    vListInitialiseItem                      0x080021bd   Thumb Code     6  list.o(i.vListInitialiseItem)
    vListInsert                              0x080021c3   Thumb Code    48  list.o(i.vListInsert)
    vListInsertEnd                           0x080021f3   Thumb Code    24  list.o(i.vListInsertEnd)
    vPortEnterCritical                       0x0800220d   Thumb Code    54  port.o(i.vPortEnterCritical)
    vPortExitCritical                        0x0800224d   Thumb Code    34  port.o(i.vPortExitCritical)
    vPortFree                                0x08002275   Thumb Code    88  heap_4.o(i.vPortFree)
    vPortSetupTimerInterrupt                 0x080022d1   Thumb Code    32  port.o(i.vPortSetupTimerInterrupt)
    vPortValidateInterruptPriority           0x080022f5   Thumb Code    74  port.o(i.vPortValidateInterruptPriority)
    vTaskDelay                               0x08002349   Thumb Code    66  tasks.o(i.vTaskDelay)
    vTaskResume                              0x08002395   Thumb Code   112  tasks.o(i.vTaskResume)
    vTaskStartScheduler                      0x08002411   Thumb Code    86  tasks.o(i.vTaskStartScheduler)
    vTaskSuspend                             0x08002479   Thumb Code   174  tasks.o(i.vTaskSuspend)
    vTaskSuspendAll                          0x08002535   Thumb Code    10  tasks.o(i.vTaskSuspendAll)
    vTaskSwitchContext                       0x08002545   Thumb Code    82  tasks.o(i.vTaskSwitchContext)
    xPortStartScheduler                      0x080025a1   Thumb Code   222  port.o(i.xPortStartScheduler)
    xPortSysTickHandler                      0x08002695   Thumb Code    38  port.o(i.xPortSysTickHandler)
    xTaskCreate                              0x080026c1   Thumb Code    86  tasks.o(i.xTaskCreate)
    xTaskGetSchedulerState                   0x0800271d   Thumb Code    22  tasks.o(i.xTaskGetSchedulerState)
    xTaskGetTickCount                        0x08002739   Thumb Code     6  tasks.o(i.xTaskGetTickCount)
    xTaskGetTickCountFromISR                 0x08002745   Thumb Code    12  tasks.o(i.xTaskGetTickCountFromISR)
    xTaskIncrementTick                       0x08002755   Thumb Code   192  tasks.o(i.xTaskIncrementTick)
    xTaskResumeAll                           0x0800281d   Thumb Code   182  tasks.o(i.xTaskResumeAll)
    xTaskResumeFromISR                       0x080028e1   Thumb Code   128  tasks.o(i.xTaskResumeFromISR)
    AHBPrescTable                            0x080029a4   Data          16  system_stm32l4xx.o(.constdata)
    MSIRangeTable                            0x080029b4   Data          48  system_stm32l4xx.o(.constdata)
    APBPrescTable                            0x080029e4   Data           8  system_stm32l4xx.o(.constdata)
    Region$$Table$$Base                      0x08002a10   Number         0  anon$$obj.o(Region$$Table)
    Region$$Table$$Limit                     0x08002a30   Number         0  anon$$obj.o(Region$$Table)
    LEDThread2Handle                         0x20000000   Data           4  main.o(.data)
    defaultTaskHandle                        0x20000004   Data           4  freertos.o(.data)
    uwTick                                   0x20000008   Data           4  stm32l4xx_hal.o(.data)
    SystemCoreClock                          0x2000000c   Data           4  system_stm32l4xx.o(.data)
    pxCurrentTCB                             0x20000010   Data           4  tasks.o(.data)
    huart2                                   0x20000070   Data         120  usart.o(.bss)
    __initial_sp                             0x20001190   Data           0  startup_stm32l476xx.o(STACK)



==============================================================================

Memory Map of the image

  Image Entry point : 0x08000189

  Load Region LR_IROM1 (Base: 0x08000000, Size: 0x00002aa0, Max: 0x00100000, ABSOLUTE)

    Execution Region ER_IROM1 (Exec base: 0x08000000, Load base: 0x08000000, Size: 0x00002a30, Max: 0x00100000, ABSOLUTE)

    Exec Addr    Load Addr    Size         Type   Attr      Idx    E Section Name        Object

    0x08000000   0x08000000   0x00000188   Data   RO            3    RESET               startup_stm32l476xx.o
    0x08000188   0x08000188   0x00000000   Code   RO         4070  * .ARM.Collect$$$$00000000  mc_w.l(entry.o)
    0x08000188   0x08000188   0x00000004   Code   RO         4083    .ARM.Collect$$$$00000001  mc_w.l(entry2.o)
    0x0800018c   0x0800018c   0x00000004   Code   RO         4086    .ARM.Collect$$$$00000004  mc_w.l(entry5.o)
    0x08000190   0x08000190   0x00000000   Code   RO         4088    .ARM.Collect$$$$00000008  mc_w.l(entry7b.o)
    0x08000190   0x08000190   0x00000000   Code   RO         4090    .ARM.Collect$$$$0000000A  mc_w.l(entry8b.o)
    0x08000190   0x08000190   0x00000008   Code   RO         4091    .ARM.Collect$$$$0000000B  mc_w.l(entry9a.o)
    0x08000198   0x08000198   0x00000000   Code   RO         4093    .ARM.Collect$$$$0000000D  mc_w.l(entry10a.o)
    0x08000198   0x08000198   0x00000000   Code   RO         4095    .ARM.Collect$$$$0000000F  mc_w.l(entry11a.o)
    0x08000198   0x08000198   0x00000004   Code   RO         4084    .ARM.Collect$$$$00002712  mc_w.l(entry2.o)
    0x0800019c   0x0800019c   0x000000de   Code   RO         3993    .emb_text           port.o
    0x0800027a   0x0800027a   0x00000002   PAD
    0x0800027c   0x0800027c   0x00000024   Code   RO            4    .text               startup_stm32l476xx.o
    0x080002a0   0x080002a0   0x00000068   Code   RO         4073    .text               mc_w.l(uldiv.o)
    0x08000308   0x08000308   0x00000024   Code   RO         4075    .text               mc_w.l(memcpya.o)
    0x0800032c   0x0800032c   0x00000024   Code   RO         4079    .text               mc_w.l(memseta.o)
    0x08000350   0x08000350   0x0000001e   Code   RO         4097    .text               mc_w.l(llshl.o)
    0x0800036e   0x0800036e   0x00000020   Code   RO         4099    .text               mc_w.l(llushr.o)
    0x0800038e   0x0800038e   0x00000002   PAD
    0x08000390   0x08000390   0x00000024   Code   RO         4101    .text               mc_w.l(init.o)
    0x080003b4   0x080003b4   0x00000002   Code   RO          338    i.BusFault_Handler  stm32l4xx_it.o
    0x080003b6   0x080003b6   0x00000002   Code   RO          339    i.DebugMon_Handler  stm32l4xx_it.o
    0x080003b8   0x080003b8   0x00000002   Code   RO           13    i.Error_Handler     main.o
    0x080003ba   0x080003ba   0x00000002   PAD
    0x080003bc   0x080003bc   0x000001ca   Code   RO         2069    i.HAL_GPIO_Init     stm32l4xx_hal_gpio.o
    0x08000586   0x08000586   0x0000000a   Code   RO         2073    i.HAL_GPIO_WritePin  stm32l4xx_hal_gpio.o
    0x08000590   0x08000590   0x0000000c   Code   RO          894    i.HAL_GetTick       stm32l4xx_hal.o
    0x0800059c   0x0800059c   0x00000010   Code   RO          898    i.HAL_IncTick       stm32l4xx_hal.o
    0x080005ac   0x080005ac   0x0000002c   Code   RO          899    i.HAL_Init          stm32l4xx_hal.o
    0x080005d8   0x080005d8   0x00000030   Code   RO          900    i.HAL_InitTick      stm32l4xx_hal.o
    0x08000608   0x08000608   0x00000034   Code   RO          401    i.HAL_MspInit       stm32l4xx_hal_msp.o
    0x0800063c   0x0800063c   0x00000040   Code   RO         2616    i.HAL_NVIC_SetPriority  stm32l4xx_hal_cortex.o
    0x0800067c   0x0800067c   0x00000024   Code   RO         2617    i.HAL_NVIC_SetPriorityGrouping  stm32l4xx_hal_cortex.o
    0x080006a0   0x080006a0   0x00000068   Code   RO         2360    i.HAL_PWREx_ControlVoltageScaling  stm32l4xx_hal_pwr_ex.o
    0x08000708   0x08000708   0x00000010   Code   RO         2391    i.HAL_PWREx_GetVoltageRange  stm32l4xx_hal_pwr_ex.o
    0x08000718   0x08000718   0x000003ae   Code   RO         1726    i.HAL_RCCEx_PeriphCLKConfig  stm32l4xx_hal_rcc_ex.o
    0x08000ac6   0x08000ac6   0x00000002   PAD
    0x08000ac8   0x08000ac8   0x00000118   Code   RO         1611    i.HAL_RCC_ClockConfig  stm32l4xx_hal_rcc.o
    0x08000be0   0x08000be0   0x00000024   Code   RO         1617    i.HAL_RCC_GetPCLK1Freq  stm32l4xx_hal_rcc.o
    0x08000c04   0x08000c04   0x00000024   Code   RO         1618    i.HAL_RCC_GetPCLK2Freq  stm32l4xx_hal_rcc.o
    0x08000c28   0x08000c28   0x000000a4   Code   RO         1619    i.HAL_RCC_GetSysClockFreq  stm32l4xx_hal_rcc.o
    0x08000ccc   0x08000ccc   0x00000464   Code   RO         1622    i.HAL_RCC_OscConfig  stm32l4xx_hal_rcc.o
    0x08001130   0x08001130   0x00000028   Code   RO         2621    i.HAL_SYSTICK_Config  stm32l4xx_hal_cortex.o
    0x08001158   0x08001158   0x0000006a   Code   RO          487    i.HAL_UART_Init     stm32l4xx_hal_uart.o
    0x080011c2   0x080011c2   0x00000002   PAD
    0x080011c4   0x080011c4   0x00000064   Code   RO          297    i.HAL_UART_MspInit  usart.o
    0x08001228   0x08001228   0x00000002   Code   RO          340    i.HardFault_Handler  stm32l4xx_it.o
    0x0800122a   0x0800122a   0x0000000c   Code   RO           14    i.LED_OFF           main.o
    0x08001236   0x08001236   0x0000000c   Code   RO           15    i.LED_ON            main.o
    0x08001242   0x08001242   0x00000002   PAD
    0x08001244   0x08001244   0x0000008c   Code   RO           16    i.LED_Thread1       main.o
    0x080012d0   0x080012d0   0x0000005c   Code   RO           17    i.LED_Thread2       main.o
    0x0800132c   0x0800132c   0x00000028   Code   RO          253    i.MX_FREERTOS_Init  freertos.o
    0x08001354   0x08001354   0x00000098   Code   RO          229    i.MX_GPIO_Init      gpio.o
    0x080013ec   0x080013ec   0x0000003c   Code   RO          298    i.MX_USART2_UART_Init  usart.o
    0x08001428   0x08001428   0x00000002   Code   RO          341    i.MemManage_Handler  stm32l4xx_it.o
    0x0800142a   0x0800142a   0x00000002   Code   RO          342    i.NMI_Handler       stm32l4xx_it.o
    0x0800142c   0x0800142c   0x00000020   Code   RO         2623    i.NVIC_SetPriority  stm32l4xx_hal_cortex.o
    0x0800144c   0x0800144c   0x0000012c   Code   RO         1730    i.RCCEx_PLLSAI1_Config  stm32l4xx_hal_rcc_ex.o
    0x08001578   0x08001578   0x00000108   Code   RO         1731    i.RCCEx_PLLSAI2_Config  stm32l4xx_hal_rcc_ex.o
    0x08001680   0x08001680   0x0000007c   Code   RO         1623    i.RCC_SetFlashLatencyFromMSIRange  stm32l4xx_hal_rcc.o
    0x080016fc   0x080016fc   0x00000008   Code   RO          254    i.StartDefaultTask  freertos.o
    0x08001704   0x08001704   0x0000000e   Code   RO          343    i.SysTick_Handler   stm32l4xx_it.o
    0x08001712   0x08001712   0x0000006e   Code   RO           18    i.SystemClock_Config  main.o
    0x08001780   0x08001780   0x00000044   Code   RO         2813    i.SystemInit        system_stm32l4xx.o
    0x080017c4   0x080017c4   0x000000c8   Code   RO          500    i.UART_AdvFeatureConfig  stm32l4xx_hal_uart.o
    0x0800188c   0x0800188c   0x0000005c   Code   RO          501    i.UART_CheckIdleState  stm32l4xx_hal_uart.o
    0x080018e8   0x080018e8   0x000002a0   Code   RO          516    i.UART_SetConfig    stm32l4xx_hal_uart.o
    0x08001b88   0x08001b88   0x00000064   Code   RO          519    i.UART_WaitOnFlagUntilTimeout  stm32l4xx_hal_uart.o
    0x08001bec   0x08001bec   0x00000002   Code   RO          344    i.UsageFault_Handler  stm32l4xx_it.o
    0x08001bee   0x08001bee   0x0000000e   Code   RO         4105    i.__scatterload_copy  mc_w.l(handlers.o)
    0x08001bfc   0x08001bfc   0x00000002   Code   RO         4106    i.__scatterload_null  mc_w.l(handlers.o)
    0x08001bfe   0x08001bfe   0x0000000e   Code   RO         4107    i.__scatterload_zeroinit  mc_w.l(handlers.o)
    0x08001c0c   0x08001c0c   0x0000000c   Code   RO         3566    i.inHandlerMode     cmsis_os.o
    0x08001c18   0x08001c18   0x00000050   Code   RO           19    i.main              main.o
    0x08001c68   0x08001c68   0x0000000c   Code   RO         3568    i.makeFreeRtosPriority  cmsis_os.o
    0x08001c74   0x08001c74   0x0000000e   Code   RO         3570    i.osDelay           cmsis_os.o
    0x08001c82   0x08001c82   0x0000000a   Code   RO         3573    i.osKernelStart     cmsis_os.o
    0x08001c8c   0x08001c8c   0x00000018   Code   RO         3574    i.osKernelSysTick   cmsis_os.o
    0x08001ca4   0x08001ca4   0x00000014   Code   RO         3606    i.osSystickHandler  cmsis_os.o
    0x08001cb8   0x08001cb8   0x0000002e   Code   RO         3607    i.osThreadCreate    cmsis_os.o
    0x08001ce6   0x08001ce6   0x00000002   PAD
    0x08001ce8   0x08001ce8   0x00000034   Code   RO         3611    i.osThreadResume    cmsis_os.o
    0x08001d1c   0x08001d1c   0x0000000a   Code   RO         3614    i.osThreadSuspend   cmsis_os.o
    0x08001d26   0x08001d26   0x00000002   PAD
    0x08001d28   0x08001d28   0x00000070   Code   RO         3272    i.prvAddCurrentTaskToDelayedList  tasks.o
    0x08001d98   0x08001d98   0x000000d0   Code   RO         3273    i.prvAddNewTaskToReadyList  tasks.o
    0x08001e68   0x08001e68   0x00000014   Code   RO         3274    i.prvDeleteTCB      tasks.o
    0x08001e7c   0x08001e7c   0x00000048   Code   RO         3932    i.prvHeapInit       heap_4.o
    0x08001ec4   0x08001ec4   0x00000060   Code   RO         3275    i.prvIdleTask       tasks.o
    0x08001f24   0x08001f24   0x0000008e   Code   RO         3276    i.prvInitialiseNewTask  tasks.o
    0x08001fb2   0x08001fb2   0x00000002   PAD
    0x08001fb4   0x08001fb4   0x0000004c   Code   RO         3933    i.prvInsertBlockIntoFreeList  heap_4.o
    0x08002000   0x08002000   0x00000020   Code   RO         3277    i.prvResetNextTaskUnblockTime  tasks.o
    0x08002020   0x08002020   0x00000028   Code   RO         3994    i.prvTaskExitError  port.o
    0x08002048   0x08002048   0x00000034   Code   RO         3278    i.prvTaskIsTaskSuspended  tasks.o
    0x0800207c   0x0800207c   0x000000d8   Code   RO         3934    i.pvPortMalloc      heap_4.o
    0x08002154   0x08002154   0x0000002c   Code   RO         3995    i.pxPortInitialiseStack  port.o
    0x08002180   0x08002180   0x00000026   Code   RO         2945    i.uxListRemove      list.o
    0x080021a6   0x080021a6   0x00000016   Code   RO         2946    i.vListInitialise   list.o
    0x080021bc   0x080021bc   0x00000006   Code   RO         2947    i.vListInitialiseItem  list.o
    0x080021c2   0x080021c2   0x00000030   Code   RO         2948    i.vListInsert       list.o
    0x080021f2   0x080021f2   0x00000018   Code   RO         2949    i.vListInsertEnd    list.o
    0x0800220a   0x0800220a   0x00000002   PAD
    0x0800220c   0x0800220c   0x00000040   Code   RO         3997    i.vPortEnterCritical  port.o
    0x0800224c   0x0800224c   0x00000028   Code   RO         3998    i.vPortExitCritical  port.o
    0x08002274   0x08002274   0x0000005c   Code   RO         3935    i.vPortFree         heap_4.o
    0x080022d0   0x080022d0   0x00000024   Code   RO         3999    i.vPortSetupTimerInterrupt  port.o
    0x080022f4   0x080022f4   0x00000054   Code   RO         4000    i.vPortValidateInterruptPriority  port.o
    0x08002348   0x08002348   0x0000004c   Code   RO         3285    i.vTaskDelay        tasks.o
    0x08002394   0x08002394   0x0000007c   Code   RO         3296    i.vTaskResume       tasks.o
    0x08002410   0x08002410   0x00000068   Code   RO         3298    i.vTaskStartScheduler  tasks.o
    0x08002478   0x08002478   0x000000bc   Code   RO         3299    i.vTaskSuspend      tasks.o
    0x08002534   0x08002534   0x00000010   Code   RO         3300    i.vTaskSuspendAll   tasks.o
    0x08002544   0x08002544   0x0000005c   Code   RO         3301    i.vTaskSwitchContext  tasks.o
    0x080025a0   0x080025a0   0x000000f4   Code   RO         4001    i.xPortStartScheduler  port.o
    0x08002694   0x08002694   0x0000002c   Code   RO         4002    i.xPortSysTickHandler  port.o
    0x080026c0   0x080026c0   0x0000005c   Code   RO         3303    i.xTaskCreate       tasks.o
    0x0800271c   0x0800271c   0x0000001c   Code   RO         3307    i.xTaskGetSchedulerState  tasks.o
    0x08002738   0x08002738   0x0000000c   Code   RO         3308    i.xTaskGetTickCount  tasks.o
    0x08002744   0x08002744   0x00000010   Code   RO         3309    i.xTaskGetTickCountFromISR  tasks.o
    0x08002754   0x08002754   0x000000c8   Code   RO         3310    i.xTaskIncrementTick  tasks.o
    0x0800281c   0x0800281c   0x000000c4   Code   RO         3316    i.xTaskResumeAll    tasks.o
    0x080028e0   0x080028e0   0x00000088   Code   RO         3317    i.xTaskResumeFromISR  tasks.o
    0x08002968   0x08002968   0x00000028   Data   RO           20    .constdata          main.o
    0x08002990   0x08002990   0x00000014   Data   RO          255    .constdata          freertos.o
    0x080029a4   0x080029a4   0x00000040   Data   RO         2814    .constdata          system_stm32l4xx.o
    0x080029e4   0x080029e4   0x00000008   Data   RO         2815    .constdata          system_stm32l4xx.o
    0x080029ec   0x080029ec   0x00000015   Data   RO           21    .conststring        main.o
    0x08002a01   0x08002a01   0x00000003   PAD
    0x08002a04   0x08002a04   0x0000000c   Data   RO          256    .conststring        freertos.o
    0x08002a10   0x08002a10   0x00000020   Data   RO         4103    Region$$Table       anon$$obj.o


    Execution Region RW_IRAM1 (Exec base: 0x20000000, Load base: 0x08002a30, Size: 0x00001190, Max: 0x00018000, ABSOLUTE)

    Exec Addr    Load Addr    Size         Type   Attr      Idx    E Section Name        Object

    0x20000000   0x08002a30   0x00000004   Data   RW           23    .data               main.o
    0x20000004   0x08002a34   0x00000004   Data   RW          257    .data               freertos.o
    0x20000008   0x08002a38   0x00000004   Data   RW          915    .data               stm32l4xx_hal.o
    0x2000000c   0x08002a3c   0x00000004   Data   RW         2816    .data               system_stm32l4xx.o
    0x20000010   0x08002a40   0x0000003c   Data   RW         3319    .data               tasks.o
    0x2000004c   0x08002a7c   0x00000018   Data   RW         3940    .data               heap_4.o
    0x20000064   0x08002a94   0x0000000c   Data   RW         4003    .data               port.o
    0x20000070        -       0x00000078   Zero   RW          299    .bss                usart.o
    0x200000e8        -       0x000000f0   Zero   RW         3318    .bss                tasks.o
    0x200001d8        -       0x00000bb8   Zero   RW         3939    .bss                heap_4.o
    0x20000d90        -       0x00000400   Zero   RW            1    STACK               startup_stm32l476xx.o


==============================================================================

Image component sizes


      Code (inc. data)   RO Data    RW Data    ZI Data      Debug   Object Name

       200          6          0          0          0      17821   cmsis_os.o
         0          0          0          0          0       9612   event_groups.o
        48         10         32          4          0       1818   freertos.o
       152         14          0          0          0       1019   gpio.o
       456         22          0         24       3000       7583   heap_4.o
       138          0          0          0          0       3766   list.o
       448         20         61          4          0     813967   main.o
       818         82          0         12          0      12389   port.o
        36          8        392          0       1024        872   startup_stm32l476xx.o
       120         22          0          4          0       3783   stm32l4xx_hal.o
       172         14          0          0          0      29918   stm32l4xx_hal_cortex.o
       468         38          0          0          0       2556   stm32l4xx_hal_gpio.o
        52          4          0          0          0        906   stm32l4xx_hal_msp.o
       120         20          0          0          0       1442   stm32l4xx_hal_pwr_ex.o
      1764         86          0          0          0       7156   stm32l4xx_hal_rcc.o
      1506         44          0          0          0       4196   stm32l4xx_hal_rcc_ex.o
      1170         70          0          0          0       5509   stm32l4xx_hal_uart.o
        26          0          0          0          0       3491   stm32l4xx_it.o
        68         12         72          4          0       1325   system_stm32l4xx.o
      1942        164          0         60        240      21344   tasks.o
       160         18          0          0        120       1822   usart.o

    ----------------------------------------------------------------------
      9882        654        592        112       4384     952295   Object Totals
         0          0         32          0          0          0   (incl. Generated)
        18          0          3          0          0          0   (incl. Padding)

    ----------------------------------------------------------------------

      Code (inc. data)   RO Data    RW Data    ZI Data      Debug   Library Member Name

         0          0          0          0          0          0   entry.o
         0          0          0          0          0          0   entry10a.o
         0          0          0          0          0          0   entry11a.o
         8          4          0          0          0          0   entry2.o
         4          0          0          0          0          0   entry5.o
         0          0          0          0          0          0   entry7b.o
         0          0          0          0          0          0   entry8b.o
         8          4          0          0          0          0   entry9a.o
        30          0          0          0          0          0   handlers.o
        36          8          0          0          0         68   init.o
        30          0          0          0          0         68   llshl.o
        32          0          0          0          0         68   llushr.o
        36          0          0          0          0         68   memcpya.o
        36          0          0          0          0        108   memseta.o
       104          0          0          0          0         92   uldiv.o

    ----------------------------------------------------------------------
       326         16          0          0          0        472   Library Totals
         2          0          0          0          0          0   (incl. Padding)

    ----------------------------------------------------------------------

      Code (inc. data)   RO Data    RW Data    ZI Data      Debug   Library Name

       324         16          0          0          0        472   mc_w.l

    ----------------------------------------------------------------------
       326         16          0          0          0        472   Library Totals

    ----------------------------------------------------------------------

==============================================================================


      Code (inc. data)   RO Data    RW Data    ZI Data      Debug   

     10208        670        592        112       4384     944115   Grand Totals
     10208        670        592        112       4384     944115   ELF Image Totals
     10208        670        592        112          0          0   ROM Totals

==============================================================================

    Total RO  Size (Code + RO Data)                10800 (  10.55kB)
    Total RW  Size (RW Data + ZI Data)              4496 (   4.39kB)
    Total ROM Size (Code + RO Data + RW Data)      10912 (  10.66kB)

==============================================================================

